Starting Orpheus TTS bridge on http://127.0.0.1:5006 ...
Python: F:\network_management\Wi-Fi Sensing & CSI Data Extraction\Model_training\.venv-gtx1080\Scripts\python.exe
CUDA_VISIBLE_DEVICES: 0
LM Studio completions: http://127.0.0.1:1234/v1/completions
LM Studio TTS model: orpeus_text_to_speech
Synthesis concurrency: 1
Per-chunk limits: 1200 tokens / 180 seconds
Starting Orpheus-FASTAPI Server
INFO:     127.0.0.1:61372 - "GET /health HTTP/1.1" 200 OK
INFO:     127.0.0.1:61373 - "GET /health HTTP/1.1" 200 OK
INFO:     127.0.0.1:49593 - "GET /health HTTP/1.1" 200 OK
Starting speech generation for 'The vault-watcher's TTS read-trigger test suite (`...'
Using voice: tara, GPU acceleration: Yes
Generating speech for: <|audio|>tara: The vault-watcher's TTS read-trigger test suite (`tests/test_tts_read_trigger.py`) has been checked for status. Result:<|eot_id|>
Generation limits: max_tokens=595, max_seconds=180
Progress: 10.0 tokens/sec, est. 0.0s audio generated, 20 tokens, 0 chunks in 2.0s
Processing buffer with 28 tokens, total collected: 28
PyTorch 2.0+ detected, torch.compile is available
CUDA graphs support is available
Using device: cuda
Using standard PyTorch optimizations (torch.compile disabled)
Using CUDA stream for parallel processing
Progress: 4.8 tokens/sec, est. 0.1s audio generated, 32 tokens, 1 chunks in 6.7s
Audio generation rate: 0.12 chunks/second
Token processing rate: 3.6 tokens/second
Processing buffer with 28 tokens, total collected: 56
Progress: 9.0 tokens/sec, est. 0.4s audio generated, 79 tokens, 5 chunks in 8.8s
Processing buffer with 28 tokens, total collected: 84
Audio generation rate: 0.74 chunks/second
Progress: 8.9 tokens/sec, est. 0.9s audio generated, 96 tokens, 10 chunks in 10.8s
Token processing rate: 6.7 tokens/second
Progress: 8.9 tokens/sec, est. 1.0s audio generated, 114 tokens, 12 chunks in 12.9s
Processing buffer with 28 tokens, total collected: 112
Audio generation rate: 0.81 chunks/second
Progress: 8.8 tokens/sec, est. 1.2s audio generated, 132 tokens, 14 chunks in 15.0s
Processing buffer with 28 tokens, total collected: 140
Progress: 8.8 tokens/sec, est. 1.4s audio generated, 149 tokens, 17 chunks in 17.0s
Token processing rate: 7.2 tokens/second
Audio generation rate: 0.91 chunks/second
Progress: 8.7 tokens/sec, est. 1.6s audio generated, 167 tokens, 19 chunks in 19.1s
Processing buffer with 28 tokens, total collected: 168
Progress: 8.7 tokens/sec, est. 1.8s audio generated, 184 tokens, 21 chunks in 21.1s
Audio generation rate: 0.93 chunks/second
Progress: 8.7 tokens/sec, est. 2.0s audio generated, 201 tokens, 24 chunks in 23.2s
Token processing rate: 7.5 tokens/second
Processing buffer with 28 tokens, total collected: 196
Progress: 8.6 tokens/sec, est. 2.2s audio generated, 218 tokens, 26 chunks in 25.2s
Audio generation rate: 0.98 chunks/second
Progress: 8.6 tokens/sec, est. 2.4s audio generated, 235 tokens, 28 chunks in 27.3s
Processing buffer with 28 tokens, total collected: 224
Progress: 8.6 tokens/sec, est. 2.6s audio generated, 252 tokens, 30 chunks in 29.4s
Token processing rate: 7.6 tokens/second
Audio generation rate: 0.99 chunks/second
Processing buffer with 28 tokens, total collected: 252
Progress: 8.6 tokens/sec, est. 2.8s audio generated, 269 tokens, 33 chunks in 31.5s
Progress: 8.5 tokens/sec, est. 3.0s audio generated, 286 tokens, 35 chunks in 33.5s
Audio generation rate: 1.02 chunks/second
Processing buffer with 28 tokens, total collected: 280
Progress: 8.5 tokens/sec, est. 3.1s audio generated, 303 tokens, 37 chunks in 35.7s
Token processing rate: 7.7 tokens/second
Progress: 8.5 tokens/sec, est. 3.4s audio generated, 320 tokens, 40 chunks in 37.8s
Processing buffer with 28 tokens, total collected: 308
Audio generation rate: 1.04 chunks/second
Progress: 8.4 tokens/sec, est. 3.6s audio generated, 335 tokens, 42 chunks in 39.9s
Progress: 8.4 tokens/sec, est. 3.7s audio generated, 351 tokens, 44 chunks in 42.0s
Token processing rate: 7.7 tokens/second
Processing buffer with 28 tokens, total collected: 336
Audio generation rate: 1.03 chunks/second
Progress: 8.3 tokens/sec, est. 3.9s audio generated, 367 tokens, 46 chunks in 44.0s
Processing buffer with 28 tokens, total collected: 364
Progress: 8.3 tokens/sec, est. 4.2s audio generated, 383 tokens, 49 chunks in 46.1s
Audio generation rate: 1.05 chunks/second
Progress: 8.3 tokens/sec, est. 4.3s audio generated, 399 tokens, 51 chunks in 48.1s
Token processing rate: 7.7 tokens/second
Processing buffer with 28 tokens, total collected: 392
Progress: 8.3 tokens/sec, est. 4.5s audio generated, 415 tokens, 53 chunks in 50.2s
Audio generation rate: 1.04 chunks/second
Progress: 8.2 tokens/sec, est. 4.8s audio generated, 431 tokens, 56 chunks in 52.3s
Processing buffer with 28 tokens, total collected: 420
Progress: 8.2 tokens/sec, est. 4.9s audio generated, 447 tokens, 58 chunks in 54.4s
Token processing rate: 7.7 tokens/second
Audio generation rate: 1.05 chunks/second
Progress: 8.2 tokens/sec, est. 5.1s audio generated, 463 tokens, 60 chunks in 56.5s
Processing buffer with 28 tokens, total collected: 448
Progress: 8.2 tokens/sec, est. 5.3s audio generated, 479 tokens, 62 chunks in 58.6s
Audio generation rate: 1.05 chunks/second
Processing buffer with 28 tokens, total collected: 476
Progress: 8.2 tokens/sec, est. 5.5s audio generated, 495 tokens, 65 chunks in 60.7s
Token processing rate: 7.7 tokens/second
Progress: 8.1 tokens/sec, est. 5.7s audio generated, 511 tokens, 67 chunks in 62.8s
Audio generation rate: 1.06 chunks/second
Processing buffer with 28 tokens, total collected: 504
Progress: 8.1 tokens/sec, est. 5.9s audio generated, 526 tokens, 69 chunks in 64.8s
Progress: 8.1 tokens/sec, est. 6.1s audio generated, 541 tokens, 72 chunks in 66.8s
Token processing rate: 7.7 tokens/second
Processing buffer with 28 tokens, total collected: 532
Audio generation rate: 1.06 chunks/second
Progress: 8.1 tokens/sec, est. 6.3s audio generated, 556 tokens, 74 chunks in 68.9s
Progress: 8.1 tokens/sec, est. 6.5s audio generated, 571 tokens, 76 chunks in 70.9s
Processing buffer with 28 tokens, total collected: 560
Audio generation rate: 1.05 chunks/second
Progress: 8.0 tokens/sec, est. 6.6s audio generated, 586 tokens, 78 chunks in 72.9s
Token processing rate: 7.6 tokens/second
Processing buffer with 28 tokens, total collected: 588
Token generation complete: 595 tokens in 75.35s (7.9 tokens/sec)
Generated 81 audio segments
Generated 6.91 seconds of audio in 75.35 seconds
Realtime factor: 0.09x
Warning: Generation is slower than realtime
Total speech generation completed in 75.35 seconds
INFO:     127.0.0.1:49598 - "POST /v1/audio/speech HTTP/1.1" 200 OK
INFO:     127.0.0.1:59762 - "POST /v1/audio/speech HTTP/1.1" 500 Internal Server Error
