Starting Orpheus TTS bridge on http://127.0.0.1:5006 ...
Python: F:\network_management\Wi-Fi Sensing & CSI Data Extraction\Model_training\.venv-gtx1080\Scripts\python.exe
CUDA_VISIBLE_DEVICES: 0
LM Studio completions: http://127.0.0.1:1234/v1/completions
LM Studio TTS model: orpeus_text_to_speech
Synthesis concurrency: 1
Per-chunk limits: 1200 tokens / 180 seconds
Starting Orpheus-FASTAPI Server
INFO:     127.0.0.1:56146 - "GET /health HTTP/1.1" 200 OK
INFO:     127.0.0.1:56150 - "GET /health HTTP/1.1" 200 OK
INFO:     127.0.0.1:56151 - "GET /health HTTP/1.1" 200 OK
INFO:     127.0.0.1:56163 - "GET /health HTTP/1.1" 200 OK
INFO:     127.0.0.1:56164 - "GET /health HTTP/1.1" 200 OK
INFO:     127.0.0.1:56166 - "GET /health HTTP/1.1" 200 OK
Starting speech generation for 'Project "F:\knowledge_compiler_engine (DAG Engine)...'
Using voice: tara, GPU acceleration: Yes
Generating speech for: <|audio|>tara: Project "F:\knowledge_compiler_engine (DAG Engine)" has been successfully registered in the registry.<|eot_id|>
Generation limits: max_tokens=505, max_seconds=180
Progress: 9.9 tokens/sec, est. 0.0s audio generated, 20 tokens, 0 chunks in 2.0s
Processing buffer with 28 tokens, total collected: 28
PyTorch 2.0+ detected, torch.compile is available
CUDA graphs support is available
Using device: cuda
Using standard PyTorch optimizations (torch.compile disabled)
Using CUDA stream for parallel processing
Progress: 5.3 tokens/sec, est. 0.1s audio generated, 32 tokens, 1 chunks in 6.1s
Audio generation rate: 0.15 chunks/second
Token processing rate: 4.2 tokens/second
Processing buffer with 28 tokens, total collected: 56
Progress: 9.0 tokens/sec, est. 0.4s audio generated, 73 tokens, 5 chunks in 8.1s
Progress: 8.9 tokens/sec, est. 0.7s audio generated, 91 tokens, 8 chunks in 10.2s
Processing buffer with 28 tokens, total collected: 84
Audio generation rate: 0.78 chunks/second
Progress: 8.8 tokens/sec, est. 0.9s audio generated, 109 tokens, 10 chunks in 12.3s
Token processing rate: 7.0 tokens/second
Progress: 8.7 tokens/sec, est. 1.0s audio generated, 125 tokens, 12 chunks in 14.3s
Processing buffer with 28 tokens, total collected: 112
Audio generation rate: 0.83 chunks/second
Progress: 8.6 tokens/sec, est. 1.2s audio generated, 141 tokens, 14 chunks in 16.4s
Processing buffer with 28 tokens, total collected: 140
Progress: 8.6 tokens/sec, est. 1.4s audio generated, 158 tokens, 17 chunks in 18.4s
Token processing rate: 7.3 tokens/second
Audio generation rate: 0.93 chunks/second
Progress: 8.6 tokens/sec, est. 1.6s audio generated, 175 tokens, 19 chunks in 20.4s
Processing buffer with 28 tokens, total collected: 168
Progress: 8.5 tokens/sec, est. 1.8s audio generated, 192 tokens, 21 chunks in 22.5s
Audio generation rate: 0.95 chunks/second
Token processing rate: 7.5 tokens/second
Processing buffer with 28 tokens, total collected: 196
Progress: 8.5 tokens/sec, est. 2.2s audio generated, 209 tokens, 26 chunks in 24.5s
Audio generation rate: 0.99 chunks/second
Progress: 8.5 tokens/sec, est. 2.4s audio generated, 226 tokens, 28 chunks in 26.6s
Processing buffer with 28 tokens, total collected: 224
Progress: 8.5 tokens/sec, est. 2.6s audio generated, 243 tokens, 30 chunks in 28.7s
Token processing rate: 7.7 tokens/second
Audio generation rate: 1.00 chunks/second
Processing buffer with 28 tokens, total collected: 252
Progress: 8.4 tokens/sec, est. 2.8s audio generated, 260 tokens, 33 chunks in 30.8s
Progress: 8.4 tokens/sec, est. 3.0s audio generated, 277 tokens, 35 chunks in 32.9s
Audio generation rate: 1.03 chunks/second
Processing buffer with 28 tokens, total collected: 280
Progress: 8.4 tokens/sec, est. 3.1s audio generated, 294 tokens, 37 chunks in 35.0s
Token processing rate: 7.7 tokens/second
Progress: 8.4 tokens/sec, est. 3.4s audio generated, 310 tokens, 40 chunks in 37.0s
Processing buffer with 28 tokens, total collected: 308
Audio generation rate: 1.05 chunks/second
Progress: 8.4 tokens/sec, est. 3.6s audio generated, 326 tokens, 42 chunks in 39.0s
Progress: 8.3 tokens/sec, est. 3.7s audio generated, 342 tokens, 44 chunks in 41.0s
Token processing rate: 7.8 tokens/second
Processing buffer with 28 tokens, total collected: 336
Audio generation rate: 1.04 chunks/second
Progress: 8.3 tokens/sec, est. 3.9s audio generated, 358 tokens, 46 chunks in 43.1s
Processing buffer with 28 tokens, total collected: 364
Progress: 8.3 tokens/sec, est. 4.2s audio generated, 374 tokens, 49 chunks in 45.1s
Audio generation rate: 1.06 chunks/second
Progress: 8.3 tokens/sec, est. 4.3s audio generated, 390 tokens, 51 chunks in 47.2s
Token processing rate: 7.8 tokens/second
Processing buffer with 28 tokens, total collected: 392
Progress: 8.2 tokens/sec, est. 4.5s audio generated, 406 tokens, 53 chunks in 49.3s
Audio generation rate: 1.05 chunks/second
Progress: 8.2 tokens/sec, est. 4.8s audio generated, 422 tokens, 56 chunks in 51.3s
Processing buffer with 28 tokens, total collected: 420
Progress: 8.2 tokens/sec, est. 4.9s audio generated, 438 tokens, 58 chunks in 53.4s
Token processing rate: 7.7 tokens/second
Audio generation rate: 1.06 chunks/second
Progress: 8.2 tokens/sec, est. 5.1s audio generated, 454 tokens, 60 chunks in 55.5s
Processing buffer with 28 tokens, total collected: 448
Progress: 8.1 tokens/sec, est. 5.3s audio generated, 470 tokens, 62 chunks in 57.7s
Audio generation rate: 1.05 chunks/second
Processing buffer with 28 tokens, total collected: 476
Progress: 8.1 tokens/sec, est. 5.5s audio generated, 486 tokens, 65 chunks in 59.8s
Token processing rate: 7.7 tokens/second
Progress: 8.1 tokens/sec, est. 5.7s audio generated, 500 tokens, 67 chunks in 61.8s
Token generation complete: 505 tokens in 63.01s (8.0 tokens/sec)
Audio generation rate: 1.08 chunks/second
Generated 68 audio segments
Generated 5.80 seconds of audio in 63.02 seconds
Realtime factor: 0.09x
Warning: Generation is slower than realtime
Total speech generation completed in 63.02 seconds
INFO:     127.0.0.1:56177 - "POST /v1/audio/speech HTTP/1.1" 200 OK
Starting speech generation for 'Based on the learned project data: - **What it doe...'
Using voice: tara, GPU acceleration: Yes
Generating speech for: <|audio|>tara: Based on the learned project data: - **What it does**:<|eot_id|>
Generation limits: max_tokens=270, max_seconds=180
Progress: 10.0 tokens/sec, est. 0.0s audio generated, 20 tokens, 0 chunks in 2.0s
Processing buffer with 28 tokens, total collected: 28
Audio generation rate: 0.24 chunks/second
Progress: 9.4 tokens/sec, est. 0.1s audio generated, 38 tokens, 1 chunks in 4.0s
Token processing rate: 5.1 tokens/second
Progress: 9.2 tokens/sec, est. 0.3s audio generated, 56 tokens, 3 chunks in 6.1s
Audio generation rate: 0.52 chunks/second
Processing buffer with 28 tokens, total collected: 56
Progress: 9.1 tokens/sec, est. 0.4s audio generated, 74 tokens, 5 chunks in 8.1s
Progress: 9.0 tokens/sec, est. 0.7s audio generated, 92 tokens, 8 chunks in 10.2s
Token processing rate: 6.8 tokens/second
Processing buffer with 28 tokens, total collected: 84
Audio generation rate: 0.79 chunks/second
Progress: 8.9 tokens/sec, est. 0.9s audio generated, 110 tokens, 10 chunks in 12.3s
Progress: 8.9 tokens/sec, est. 1.0s audio generated, 128 tokens, 12 chunks in 14.4s
Processing buffer with 28 tokens, total collected: 112
Audio generation rate: 0.86 chunks/second
Token processing rate: 7.4 tokens/second
Processing buffer with 28 tokens, total collected: 140
Progress: 8.8 tokens/sec, est. 1.4s audio generated, 146 tokens, 17 chunks in 16.5s
Audio generation rate: 0.95 chunks/second
Progress: 8.8 tokens/sec, est. 1.6s audio generated, 163 tokens, 19 chunks in 18.5s
Processing buffer with 28 tokens, total collected: 168
Progress: 8.8 tokens/sec, est. 1.8s audio generated, 180 tokens, 21 chunks in 20.6s
Token processing rate: 7.6 tokens/second
Audio generation rate: 0.97 chunks/second
Progress: 8.7 tokens/sec, est. 2.0s audio generated, 197 tokens, 24 chunks in 22.6s
Processing buffer with 28 tokens, total collected: 196
Progress: 8.7 tokens/sec, est. 2.2s audio generated, 214 tokens, 26 chunks in 24.7s
Audio generation rate: 1.01 chunks/second
Progress: 8.6 tokens/sec, est. 2.4s audio generated, 231 tokens, 28 chunks in 26.7s
Token processing rate: 7.8 tokens/second
Processing buffer with 28 tokens, total collected: 224
Progress: 8.6 tokens/sec, est. 2.6s audio generated, 248 tokens, 30 chunks in 28.8s
Audio generation rate: 1.02 chunks/second
Processing buffer with 28 tokens, total collected: 252
Progress: 8.6 tokens/sec, est. 2.8s audio generated, 265 tokens, 33 chunks in 30.9s
Token generation complete: 270 tokens in 31.98s (8.4 tokens/sec)
Generated 35 audio segments
Generated 2.99 seconds of audio in 32.01 seconds
Realtime factor: 0.09x
Warning: Generation is slower than realtime
Total speech generation completed in 32.01 seconds
INFO:     127.0.0.1:56210 - "POST /v1/audio/speech HTTP/1.1" 200 OK
Starting speech generation for 'The *Knowledge Compiler Engine* is a DAG (Directed...'
Using voice: tara, GPU acceleration: Yes
Generating speech for: <|audio|>tara: The *Knowledge Compiler Engine* is a DAG (Directed Acyclic Graph)-based system that compiles and orchestrates knowledge<|eot_id|>
Generation limits: max_tokens=595, max_seconds=180
Progress: 9.9 tokens/sec, est. 0.0s audio generated, 20 tokens, 0 chunks in 2.0s
Processing buffer with 28 tokens, total collected: 28
Audio generation rate: 0.25 chunks/second
Progress: 9.6 tokens/sec, est. 0.1s audio generated, 39 tokens, 1 chunks in 4.1s
Token processing rate: 5.2 tokens/second
Progress: 9.4 tokens/sec, est. 0.3s audio generated, 58 tokens, 3 chunks in 6.2s
Audio generation rate: 0.52 chunks/second
Processing buffer with 28 tokens, total collected: 56
Progress: 9.2 tokens/sec, est. 0.4s audio generated, 76 tokens, 5 chunks in 8.3s
Progress: 9.0 tokens/sec, est. 0.7s audio generated, 93 tokens, 8 chunks in 10.3s
Token processing rate: 6.8 tokens/second
Processing buffer with 28 tokens, total collected: 84
Audio generation rate: 0.78 chunks/second
Progress: 8.6 tokens/sec, est. 0.9s audio generated, 107 tokens, 10 chunks in 12.4s
Progress: 8.4 tokens/sec, est. 1.0s audio generated, 121 tokens, 12 chunks in 14.5s
Processing buffer with 28 tokens, total collected: 112
Audio generation rate: 0.80 chunks/second
Progress: 8.3 tokens/sec, est. 1.2s audio generated, 136 tokens, 14 chunks in 16.5s
Token processing rate: 6.9 tokens/second
Processing buffer with 28 tokens, total collected: 140
Progress: 8.3 tokens/sec, est. 1.4s audio generated, 154 tokens, 17 chunks in 18.6s
Audio generation rate: 0.90 chunks/second
Progress: 8.3 tokens/sec, est. 1.6s audio generated, 171 tokens, 19 chunks in 20.6s
Processing buffer with 28 tokens, total collected: 168
Progress: 8.3 tokens/sec, est. 1.8s audio generated, 188 tokens, 21 chunks in 22.6s
Token processing rate: 7.3 tokens/second
Audio generation rate: 0.92 chunks/second
Progress: 8.3 tokens/sec, est. 2.0s audio generated, 205 tokens, 24 chunks in 24.7s
Processing buffer with 28 tokens, total collected: 196
Progress: 8.3 tokens/sec, est. 2.2s audio generated, 222 tokens, 26 chunks in 26.8s
Audio generation rate: 0.97 chunks/second
Progress: 8.3 tokens/sec, est. 2.4s audio generated, 239 tokens, 28 chunks in 28.8s
Token processing rate: 7.5 tokens/second
Processing buffer with 28 tokens, total collected: 224
Progress: 8.3 tokens/sec, est. 2.6s audio generated, 256 tokens, 30 chunks in 30.9s
Audio generation rate: 0.98 chunks/second
Processing buffer with 28 tokens, total collected: 252
Progress: 8.3 tokens/sec, est. 3.0s audio generated, 273 tokens, 35 chunks in 33.0s
Token processing rate: 7.6 tokens/second
Audio generation rate: 1.01 chunks/second
Processing buffer with 28 tokens, total collected: 280
Progress: 8.3 tokens/sec, est. 3.1s audio generated, 290 tokens, 37 chunks in 35.1s
Progress: 8.3 tokens/sec, est. 3.4s audio generated, 307 tokens, 40 chunks in 37.2s
Processing buffer with 28 tokens, total collected: 308
Audio generation rate: 1.04 chunks/second
Progress: 8.2 tokens/sec, est. 3.6s audio generated, 324 tokens, 42 chunks in 39.3s
Token processing rate: 7.7 tokens/second
Progress: 8.2 tokens/sec, est. 3.7s audio generated, 340 tokens, 44 chunks in 41.3s
Processing buffer with 28 tokens, total collected: 336
Audio generation rate: 1.03 chunks/second
Progress: 8.2 tokens/sec, est. 3.9s audio generated, 356 tokens, 46 chunks in 43.4s
Processing buffer with 28 tokens, total collected: 364
Progress: 8.2 tokens/sec, est. 4.2s audio generated, 372 tokens, 49 chunks in 45.4s
Token processing rate: 7.7 tokens/second
Audio generation rate: 1.05 chunks/second
Progress: 8.2 tokens/sec, est. 4.3s audio generated, 388 tokens, 51 chunks in 47.4s
Processing buffer with 28 tokens, total collected: 392
Progress: 8.2 tokens/sec, est. 4.5s audio generated, 404 tokens, 53 chunks in 49.5s
Audio generation rate: 1.04 chunks/second
Progress: 8.1 tokens/sec, est. 4.8s audio generated, 420 tokens, 56 chunks in 51.5s
Token processing rate: 7.7 tokens/second
Processing buffer with 28 tokens, total collected: 420
Progress: 8.1 tokens/sec, est. 4.9s audio generated, 436 tokens, 58 chunks in 53.6s
Audio generation rate: 1.05 chunks/second
Progress: 8.1 tokens/sec, est. 5.1s audio generated, 452 tokens, 60 chunks in 55.7s
Processing buffer with 28 tokens, total collected: 448
Progress: 8.1 tokens/sec, est. 5.3s audio generated, 466 tokens, 62 chunks in 57.9s
Token processing rate: 7.6 tokens/second
Audio generation rate: 1.04 chunks/second
Processing buffer with 28 tokens, total collected: 476
Progress: 8.0 tokens/sec, est. 5.5s audio generated, 482 tokens, 65 chunks in 60.0s
Progress: 8.0 tokens/sec, est. 5.7s audio generated, 498 tokens, 67 chunks in 62.1s
Audio generation rate: 1.05 chunks/second
Processing buffer with 28 tokens, total collected: 504
Progress: 8.0 tokens/sec, est. 5.9s audio generated, 514 tokens, 69 chunks in 64.2s
Token processing rate: 7.6 tokens/second
Progress: 8.0 tokens/sec, est. 6.1s audio generated, 529 tokens, 72 chunks in 66.2s
Processing buffer with 28 tokens, total collected: 532
Progress: 8.0 tokens/sec, est. 6.2s audio generated, 544 tokens, 73 chunks in 68.2s
Audio generation rate: 1.06 chunks/second
Progress: 8.0 tokens/sec, est. 6.3s audio generated, 559 tokens, 74 chunks in 70.2s
Progress: 7.9 tokens/sec, est. 6.5s audio generated, 574 tokens, 76 chunks in 72.3s
Token processing rate: 7.6 tokens/second
Processing buffer with 28 tokens, total collected: 560
Audio generation rate: 1.05 chunks/second
Progress: 7.9 tokens/sec, est. 6.6s audio generated, 589 tokens, 78 chunks in 74.3s
Processing buffer with 28 tokens, total collected: 588
Token generation complete: 595 tokens in 75.62s (7.9 tokens/sec)
Generated 81 audio segments
Generated 6.91 seconds of audio in 75.62 seconds
Realtime factor: 0.09x
Warning: Generation is slower than realtime
Total speech generation completed in 75.62 seconds
INFO:     127.0.0.1:59141 - "POST /v1/audio/speech HTTP/1.1" 200 OK
Starting speech generation for 'workflows.'
Using voice: tara, GPU acceleration: Yes
Generating speech for: <|audio|>tara: workflows.<|eot_id|>
Generation limits: max_tokens=240, max_seconds=180
Progress: 10.0 tokens/sec, est. 0.0s audio generated, 21 tokens, 0 chunks in 2.1s
Processing buffer with 28 tokens, total collected: 28
Audio generation rate: 0.24 chunks/second
Progress: 9.5 tokens/sec, est. 0.1s audio generated, 39 tokens, 1 chunks in 4.1s
Token processing rate: 5.1 tokens/second
Progress: 9.2 tokens/sec, est. 0.3s audio generated, 57 tokens, 3 chunks in 6.2s
Audio generation rate: 0.52 chunks/second
Processing buffer with 28 tokens, total collected: 56
Progress: 9.1 tokens/sec, est. 0.4s audio generated, 75 tokens, 5 chunks in 8.2s
Progress: 9.1 tokens/sec, est. 0.7s audio generated, 93 tokens, 8 chunks in 10.3s
Token processing rate: 6.9 tokens/second
Processing buffer with 28 tokens, total collected: 84
Audio generation rate: 0.79 chunks/second
Progress: 9.0 tokens/sec, est. 0.9s audio generated, 111 tokens, 10 chunks in 12.4s
Progress: 8.6 tokens/sec, est. 1.0s audio generated, 124 tokens, 12 chunks in 14.4s
Processing buffer with 28 tokens, total collected: 112
Audio generation rate: 0.83 chunks/second
Token generation complete: 134 tokens in 15.57s (8.6 tokens/sec)
Generated 13 audio segments
Generated 1.11 seconds of audio in 15.57 seconds
Realtime factor: 0.07x
Warning: Generation is slower than realtime
Total speech generation completed in 15.57 seconds
INFO:     127.0.0.1:59236 - "POST /v1/audio/speech HTTP/1.1" 200 OK
Starting speech generation for 'It processes structured data through a pipeline of...'
Using voice: tara, GPU acceleration: Yes
Generating speech for: <|audio|>tara: It processes structured data through a pipeline of agents (e.g., Agent Forge Orchestrator, Sie Projection), performing<|eot_id|>
Generation limits: max_tokens=590, max_seconds=180
Progress: 9.8 tokens/sec, est. 0.0s audio generated, 20 tokens, 0 chunks in 2.0s
Processing buffer with 28 tokens, total collected: 28
Audio generation rate: 0.24 chunks/second
Progress: 9.3 tokens/sec, est. 0.1s audio generated, 38 tokens, 1 chunks in 4.1s
Token processing rate: 5.0 tokens/second
Progress: 9.1 tokens/sec, est. 0.3s audio generated, 56 tokens, 3 chunks in 6.1s
Audio generation rate: 0.51 chunks/second
Processing buffer with 28 tokens, total collected: 56
Progress: 9.0 tokens/sec, est. 0.4s audio generated, 74 tokens, 5 chunks in 8.2s
Progress: 9.0 tokens/sec, est. 0.7s audio generated, 92 tokens, 8 chunks in 10.3s
Token processing rate: 6.7 tokens/second
Processing buffer with 28 tokens, total collected: 84
Audio generation rate: 0.77 chunks/second
Progress: 8.6 tokens/sec, est. 0.9s audio generated, 106 tokens, 10 chunks in 12.3s
Progress: 8.3 tokens/sec, est. 1.0s audio generated, 120 tokens, 12 chunks in 14.4s
Processing buffer with 28 tokens, total collected: 112
Audio generation rate: 0.79 chunks/second
Progress: 8.1 tokens/sec, est. 1.1s audio generated, 134 tokens, 13 chunks in 16.5s
Token processing rate: 6.4 tokens/second
Progress: 8.0 tokens/sec, est. 1.4s audio generated, 149 tokens, 16 chunks in 18.6s
Processing buffer with 28 tokens, total collected: 140
Audio generation rate: 0.82 chunks/second
Progress: 8.1 tokens/sec, est. 1.5s audio generated, 166 tokens, 18 chunks in 20.6s
Progress: 8.1 tokens/sec, est. 1.7s audio generated, 183 tokens, 20 chunks in 22.6s
Token processing rate: 6.8 tokens/second
Processing buffer with 28 tokens, total collected: 168
Audio generation rate: 0.86 chunks/second
Progress: 8.1 tokens/sec, est. 2.0s audio generated, 200 tokens, 23 chunks in 24.7s
Processing buffer with 28 tokens, total collected: 196
Progress: 8.1 tokens/sec, est. 2.1s audio generated, 217 tokens, 25 chunks in 26.7s
Audio generation rate: 0.92 chunks/second
Progress: 8.1 tokens/sec, est. 2.3s audio generated, 234 tokens, 27 chunks in 28.8s
Token processing rate: 7.1 tokens/second
Processing buffer with 28 tokens, total collected: 224
Progress: 8.1 tokens/sec, est. 2.5s audio generated, 251 tokens, 29 chunks in 30.9s
Audio generation rate: 0.93 chunks/second
Progress: 8.1 tokens/sec, est. 2.7s audio generated, 268 tokens, 32 chunks in 33.0s
Processing buffer with 28 tokens, total collected: 252
Progress: 8.1 tokens/sec, est. 2.9s audio generated, 284 tokens, 34 chunks in 35.0s
Token processing rate: 7.3 tokens/second
Audio generation rate: 0.97 chunks/second
Progress: 8.1 tokens/sec, est. 3.1s audio generated, 301 tokens, 36 chunks in 37.1s
Processing buffer with 28 tokens, total collected: 280
Progress: 8.1 tokens/sec, est. 3.3s audio generated, 318 tokens, 39 chunks in 39.3s
Audio generation rate: 0.99 chunks/second
Processing buffer with 28 tokens, total collected: 308
Progress: 8.1 tokens/sec, est. 3.5s audio generated, 334 tokens, 41 chunks in 41.3s
Token processing rate: 7.4 tokens/second
Progress: 8.1 tokens/sec, est. 3.7s audio generated, 350 tokens, 43 chunks in 43.3s
Audio generation rate: 0.99 chunks/second
Processing buffer with 28 tokens, total collected: 336
Progress: 8.1 tokens/sec, est. 3.8s audio generated, 366 tokens, 45 chunks in 45.3s
Progress: 8.1 tokens/sec, est. 4.1s audio generated, 382 tokens, 48 chunks in 47.4s
Token processing rate: 7.4 tokens/second
Processing buffer with 28 tokens, total collected: 364
Audio generation rate: 1.01 chunks/second
Progress: 8.0 tokens/sec, est. 4.2s audio generated, 398 tokens, 50 chunks in 49.5s
Progress: 8.0 tokens/sec, est. 4.4s audio generated, 414 tokens, 52 chunks in 51.6s
Processing buffer with 28 tokens, total collected: 392
Audio generation rate: 1.01 chunks/second
Progress: 8.0 tokens/sec, est. 4.7s audio generated, 430 tokens, 55 chunks in 53.7s
Token processing rate: 7.4 tokens/second
Processing buffer with 28 tokens, total collected: 420
Progress: 8.0 tokens/sec, est. 4.8s audio generated, 446 tokens, 57 chunks in 55.9s
Audio generation rate: 1.02 chunks/second
Progress: 7.9 tokens/sec, est. 5.0s audio generated, 459 tokens, 59 chunks in 58.0s
Processing buffer with 28 tokens, total collected: 448
Progress: 7.9 tokens/sec, est. 5.2s audio generated, 473 tokens, 61 chunks in 60.0s
Token processing rate: 7.4 tokens/second
Audio generation rate: 1.01 chunks/second
Progress: 7.9 tokens/sec, est. 5.4s audio generated, 489 tokens, 64 chunks in 62.2s
Processing buffer with 28 tokens, total collected: 476
Progress: 7.9 tokens/sec, est. 5.6s audio generated, 505 tokens, 66 chunks in 64.3s
Audio generation rate: 1.02 chunks/second
Progress: 7.8 tokens/sec, est. 5.8s audio generated, 520 tokens, 68 chunks in 66.3s
Token processing rate: 7.4 tokens/second
Processing buffer with 28 tokens, total collected: 504
Progress: 7.8 tokens/sec, est. 6.0s audio generated, 535 tokens, 71 chunks in 68.4s
Audio generation rate: 1.02 chunks/second
Processing buffer with 28 tokens, total collected: 532
Progress: 7.8 tokens/sec, est. 6.2s audio generated, 550 tokens, 73 chunks in 70.4s
Progress: 7.8 tokens/sec, est. 6.4s audio generated, 565 tokens, 75 chunks in 72.4s
Token processing rate: 7.4 tokens/second
Audio generation rate: 1.02 chunks/second
Processing buffer with 28 tokens, total collected: 560
Progress: 7.8 tokens/sec, est. 6.5s audio generated, 580 tokens, 77 chunks in 74.5s
Token generation complete: 590 tokens in 76.30s (7.7 tokens/sec)
Generated 79 audio segments
Generated 6.74 seconds of audio in 76.32 seconds
Realtime factor: 0.09x
Warning: Generation is slower than realtime
Total speech generation completed in 76.32 seconds
INFO:     127.0.0.1:59246 - "POST /v1/audio/speech HTTP/1.1" 200 OK
Starting speech generation for 'tasks like logic inference, data balancing, and dy...'
Using voice: tara, GPU acceleration: Yes
Generating speech for: <|audio|>tara: tasks like logic inference, data balancing, and dynamic rule application. - **How it does it**:<|eot_id|>
Generation limits: max_tokens=475, max_seconds=180
Progress: 10.0 tokens/sec, est. 0.0s audio generated, 20 tokens, 0 chunks in 2.0s
Processing buffer with 28 tokens, total collected: 28
Audio generation rate: 0.24 chunks/second
Progress: 9.4 tokens/sec, est. 0.1s audio generated, 38 tokens, 1 chunks in 4.0s
Token processing rate: 5.0 tokens/second
Progress: 9.2 tokens/sec, est. 0.3s audio generated, 56 tokens, 3 chunks in 6.1s
Audio generation rate: 0.51 chunks/second
Processing buffer with 28 tokens, total collected: 56
Progress: 9.1 tokens/sec, est. 0.4s audio generated, 74 tokens, 5 chunks in 8.1s
Progress: 9.0 tokens/sec, est. 0.7s audio generated, 92 tokens, 8 chunks in 10.2s
Token processing rate: 6.8 tokens/second
Processing buffer with 28 tokens, total collected: 84
Audio generation rate: 0.78 chunks/second
Progress: 8.9 tokens/sec, est. 0.9s audio generated, 110 tokens, 10 chunks in 12.3s
Progress: 8.9 tokens/sec, est. 1.0s audio generated, 128 tokens, 12 chunks in 14.4s
Processing buffer with 28 tokens, total collected: 112
Audio generation rate: 0.85 chunks/second
Token processing rate: 7.4 tokens/second
Processing buffer with 28 tokens, total collected: 140
Progress: 8.8 tokens/sec, est. 1.4s audio generated, 146 tokens, 17 chunks in 16.5s
Audio generation rate: 0.95 chunks/second
Progress: 8.8 tokens/sec, est. 1.6s audio generated, 164 tokens, 19 chunks in 18.7s
Processing buffer with 28 tokens, total collected: 168
Progress: 8.8 tokens/sec, est. 1.8s audio generated, 181 tokens, 21 chunks in 20.7s
Token processing rate: 7.6 tokens/second
Audio generation rate: 0.97 chunks/second
Progress: 8.7 tokens/sec, est. 2.0s audio generated, 198 tokens, 24 chunks in 22.7s
Processing buffer with 28 tokens, total collected: 196
Progress: 8.7 tokens/sec, est. 2.2s audio generated, 216 tokens, 26 chunks in 24.8s
Audio generation rate: 1.01 chunks/second
Progress: 8.7 tokens/sec, est. 2.4s audio generated, 232 tokens, 28 chunks in 26.8s
Token processing rate: 7.8 tokens/second
Processing buffer with 28 tokens, total collected: 224
Progress: 8.6 tokens/sec, est. 2.6s audio generated, 249 tokens, 30 chunks in 28.9s
Audio generation rate: 1.02 chunks/second
Processing buffer with 28 tokens, total collected: 252
Progress: 8.6 tokens/sec, est. 2.8s audio generated, 266 tokens, 33 chunks in 30.9s
Progress: 8.6 tokens/sec, est. 3.0s audio generated, 284 tokens, 35 chunks in 33.0s
Token processing rate: 7.9 tokens/second
Audio generation rate: 1.05 chunks/second
Processing buffer with 28 tokens, total collected: 280
Progress: 8.6 tokens/sec, est. 3.1s audio generated, 302 tokens, 37 chunks in 35.1s
Progress: 8.6 tokens/sec, est. 3.4s audio generated, 320 tokens, 40 chunks in 37.2s
Processing buffer with 28 tokens, total collected: 308
Audio generation rate: 1.08 chunks/second
Token processing rate: 8.0 tokens/second
Progress: 8.6 tokens/sec, est. 3.7s audio generated, 337 tokens, 44 chunks in 39.2s
Processing buffer with 28 tokens, total collected: 336
Audio generation rate: 1.08 chunks/second
Progress: 8.6 tokens/sec, est. 3.9s audio generated, 355 tokens, 46 chunks in 41.3s
Processing buffer with 28 tokens, total collected: 364
Progress: 8.6 tokens/sec, est. 4.2s audio generated, 371 tokens, 49 chunks in 43.3s
Token processing rate: 8.0 tokens/second
Audio generation rate: 1.09 chunks/second
Progress: 8.5 tokens/sec, est. 4.3s audio generated, 387 tokens, 51 chunks in 45.3s
Processing buffer with 28 tokens, total collected: 392
Progress: 8.5 tokens/sec, est. 4.5s audio generated, 403 tokens, 53 chunks in 47.3s
Audio generation rate: 1.09 chunks/second
Progress: 8.5 tokens/sec, est. 4.8s audio generated, 419 tokens, 56 chunks in 49.3s
Token processing rate: 8.0 tokens/second
Processing buffer with 28 tokens, total collected: 420
Progress: 8.5 tokens/sec, est. 4.9s audio generated, 435 tokens, 58 chunks in 51.4s
Audio generation rate: 1.10 chunks/second
Progress: 8.4 tokens/sec, est. 5.1s audio generated, 451 tokens, 60 chunks in 53.5s
Processing buffer with 28 tokens, total collected: 448
Progress: 8.4 tokens/sec, est. 5.3s audio generated, 467 tokens, 62 chunks in 55.6s
Token generation complete: 475 tokens in 57.11s (8.3 tokens/sec)
Token processing rate: 8.1 tokens/second
Audio generation rate: 1.10 chunks/second
Generated 64 audio segments
Generated 5.46 seconds of audio in 57.13 seconds
Realtime factor: 0.10x
Warning: Generation is slower than realtime
Total speech generation completed in 57.13 seconds
INFO:     127.0.0.1:59284 - "POST /v1/audio/speech HTTP/1.1" 200 OK
Starting speech generation for 'It uses modular agent components connected via a D...'
Using voice: tara, GPU acceleration: Yes
Generating speech for: <|audio|>tara: It uses modular agent components connected via a DAG structure, where each node executes a specific function (e.g., math<|eot_id|>
Generation limits: max_tokens=600, max_seconds=180
Progress: 10.0 tokens/sec, est. 0.0s audio generated, 20 tokens, 0 chunks in 2.0s
Processing buffer with 28 tokens, total collected: 28
Audio generation rate: 0.24 chunks/second
Progress: 9.5 tokens/sec, est. 0.1s audio generated, 38 tokens, 1 chunks in 4.0s
Token processing rate: 5.1 tokens/second
Progress: 9.3 tokens/sec, est. 0.3s audio generated, 56 tokens, 3 chunks in 6.0s
Audio generation rate: 0.52 chunks/second
Processing buffer with 28 tokens, total collected: 56
Progress: 9.1 tokens/sec, est. 0.4s audio generated, 74 tokens, 5 chunks in 8.1s
Progress: 9.0 tokens/sec, est. 0.7s audio generated, 92 tokens, 8 chunks in 10.2s
Token processing rate: 6.9 tokens/second
Processing buffer with 28 tokens, total collected: 84
Audio generation rate: 0.79 chunks/second
Progress: 9.0 tokens/sec, est. 0.9s audio generated, 110 tokens, 10 chunks in 12.3s
Progress: 8.9 tokens/sec, est. 1.0s audio generated, 128 tokens, 12 chunks in 14.4s
Processing buffer with 28 tokens, total collected: 112
Audio generation rate: 0.86 chunks/second
Progress: 8.8 tokens/sec, est. 1.2s audio generated, 144 tokens, 14 chunks in 16.4s
Token processing rate: 7.3 tokens/second
Processing buffer with 28 tokens, total collected: 140
Progress: 8.7 tokens/sec, est. 1.5s audio generated, 160 tokens, 18 chunks in 18.4s
Audio generation rate: 0.94 chunks/second
Processing buffer with 28 tokens, total collected: 168
Progress: 8.7 tokens/sec, est. 1.8s audio generated, 177 tokens, 21 chunks in 20.4s
Token processing rate: 7.6 tokens/second
Audio generation rate: 0.96 chunks/second
Progress: 8.6 tokens/sec, est. 2.0s audio generated, 194 tokens, 24 chunks in 22.5s
Processing buffer with 28 tokens, total collected: 196
Progress: 8.6 tokens/sec, est. 2.2s audio generated, 211 tokens, 26 chunks in 24.5s
Audio generation rate: 1.01 chunks/second
Progress: 8.6 tokens/sec, est. 2.4s audio generated, 228 tokens, 28 chunks in 26.6s
Token processing rate: 7.7 tokens/second
Processing buffer with 28 tokens, total collected: 224
Progress: 8.6 tokens/sec, est. 2.6s audio generated, 245 tokens, 30 chunks in 28.6s
Audio generation rate: 1.01 chunks/second
Processing buffer with 28 tokens, total collected: 252
Progress: 8.5 tokens/sec, est. 2.8s audio generated, 262 tokens, 33 chunks in 30.7s
Progress: 8.5 tokens/sec, est. 3.0s audio generated, 279 tokens, 35 chunks in 32.8s
Token processing rate: 7.8 tokens/second
Audio generation rate: 1.04 chunks/second
Processing buffer with 28 tokens, total collected: 280
Progress: 8.5 tokens/sec, est. 3.1s audio generated, 296 tokens, 37 chunks in 34.9s
Progress: 8.5 tokens/sec, est. 3.4s audio generated, 312 tokens, 40 chunks in 36.9s
Processing buffer with 28 tokens, total collected: 308
Audio generation rate: 1.06 chunks/second
Progress: 8.4 tokens/sec, est. 3.6s audio generated, 329 tokens, 42 chunks in 39.0s
Token processing rate: 7.8 tokens/second
Progress: 8.4 tokens/sec, est. 3.7s audio generated, 345 tokens, 44 chunks in 41.0s
Processing buffer with 28 tokens, total collected: 336
Audio generation rate: 1.05 chunks/second
Progress: 8.4 tokens/sec, est. 3.9s audio generated, 361 tokens, 46 chunks in 43.0s
Processing buffer with 28 tokens, total collected: 364
Progress: 8.4 tokens/sec, est. 4.2s audio generated, 377 tokens, 49 chunks in 45.1s
Token processing rate: 7.8 tokens/second
Audio generation rate: 1.07 chunks/second
Progress: 8.3 tokens/sec, est. 4.3s audio generated, 393 tokens, 51 chunks in 47.1s
Processing buffer with 28 tokens, total collected: 392
Progress: 8.3 tokens/sec, est. 4.5s audio generated, 409 tokens, 53 chunks in 49.2s
Audio generation rate: 1.06 chunks/second
Progress: 8.3 tokens/sec, est. 4.8s audio generated, 425 tokens, 56 chunks in 51.2s
Token processing rate: 7.8 tokens/second
Processing buffer with 28 tokens, total collected: 420
Progress: 8.3 tokens/sec, est. 4.9s audio generated, 441 tokens, 58 chunks in 53.3s
Audio generation rate: 1.07 chunks/second
Progress: 8.2 tokens/sec, est. 5.1s audio generated, 457 tokens, 60 chunks in 55.4s
Processing buffer with 28 tokens, total collected: 448
Progress: 8.2 tokens/sec, est. 5.3s audio generated, 473 tokens, 62 chunks in 57.5s
Token processing rate: 7.8 tokens/second
Audio generation rate: 1.06 chunks/second
Processing buffer with 28 tokens, total collected: 476
Progress: 8.2 tokens/sec, est. 5.5s audio generated, 489 tokens, 65 chunks in 59.7s
Progress: 8.2 tokens/sec, est. 5.7s audio generated, 505 tokens, 67 chunks in 61.8s
Audio generation rate: 1.07 chunks/second
Processing buffer with 28 tokens, total collected: 504
Progress: 8.1 tokens/sec, est. 5.9s audio generated, 519 tokens, 69 chunks in 63.8s
Token processing rate: 7.8 tokens/second
Progress: 8.1 tokens/sec, est. 6.1s audio generated, 534 tokens, 72 chunks in 65.8s
Processing buffer with 28 tokens, total collected: 532
Audio generation rate: 1.07 chunks/second
Progress: 8.1 tokens/sec, est. 6.3s audio generated, 549 tokens, 74 chunks in 67.9s
Progress: 8.1 tokens/sec, est. 6.5s audio generated, 564 tokens, 76 chunks in 69.9s
Token processing rate: 7.7 tokens/second
Processing buffer with 28 tokens, total collected: 560
Audio generation rate: 1.07 chunks/second
Progress: 8.0 tokens/sec, est. 6.6s audio generated, 579 tokens, 78 chunks in 71.9s
Processing buffer with 28 tokens, total collected: 588
Progress: 8.0 tokens/sec, est. 6.9s audio generated, 594 tokens, 81 chunks in 74.0s
Token generation complete: 600 tokens in 75.29s (8.0 tokens/sec)
Audio generation rate: 1.09 chunks/second
Generated 82 audio segments
Generated 7.00 seconds of audio in 75.31 seconds
Realtime factor: 0.09x
Warning: Generation is slower than realtime
Total speech generation completed in 75.31 seconds
INFO:     127.0.0.1:55047 - "POST /v1/audio/speech HTTP/1.1" 200 OK
Starting speech generation for 'bypass, configuration, projection).'
Using voice: tara, GPU acceleration: Yes
Generating speech for: <|audio|>tara: bypass, configuration, projection).<|eot_id|>
Generation limits: max_tokens=240, max_seconds=180
Progress: 9.9 tokens/sec, est. 0.0s audio generated, 20 tokens, 0 chunks in 2.0s
Processing buffer with 28 tokens, total collected: 28
Audio generation rate: 0.26 chunks/second
Progress: 9.5 tokens/sec, est. 0.1s audio generated, 39 tokens, 1 chunks in 4.1s
Token processing rate: 5.3 tokens/second
Progress: 9.4 tokens/sec, est. 0.3s audio generated, 58 tokens, 3 chunks in 6.2s
Audio generation rate: 0.54 chunks/second
Processing buffer with 28 tokens, total collected: 56
Progress: 9.2 tokens/sec, est. 0.4s audio generated, 76 tokens, 5 chunks in 8.3s
Progress: 9.1 tokens/sec, est. 0.7s audio generated, 94 tokens, 8 chunks in 10.4s
Token processing rate: 7.0 tokens/second
Processing buffer with 28 tokens, total collected: 84
Audio generation rate: 0.81 chunks/second
Progress: 9.0 tokens/sec, est. 0.9s audio generated, 112 tokens, 10 chunks in 12.4s
Processing buffer with 28 tokens, total collected: 112
Audio generation rate: 0.87 chunks/second
Progress: 8.9 tokens/sec, est. 1.2s audio generated, 130 tokens, 14 chunks in 14.5s
Token processing rate: 7.5 tokens/second
Processing buffer with 28 tokens, total collected: 140
Progress: 8.9 tokens/sec, est. 1.4s audio generated, 148 tokens, 17 chunks in 16.6s
Audio generation rate: 0.97 chunks/second
Progress: 8.8 tokens/sec, est. 1.6s audio generated, 165 tokens, 19 chunks in 18.6s
Processing buffer with 28 tokens, total collected: 168
Progress: 8.8 tokens/sec, est. 1.8s audio generated, 183 tokens, 21 chunks in 20.8s
Token processing rate: 7.8 tokens/second
Audio generation rate: 0.98 chunks/second
Progress: 8.8 tokens/sec, est. 2.0s audio generated, 200 tokens, 24 chunks in 22.8s
Processing buffer with 28 tokens, total collected: 196
Progress: 8.7 tokens/sec, est. 2.2s audio generated, 217 tokens, 26 chunks in 24.8s
Audio generation rate: 1.03 chunks/second
Progress: 8.7 tokens/sec, est. 2.4s audio generated, 234 tokens, 28 chunks in 26.9s
Token generation complete: 240 tokens in 27.93s (8.6 tokens/sec)
Token processing rate: 7.9 tokens/second
Processing buffer with 28 tokens, total collected: 224
Generated 30 audio segments
Generated 2.56 seconds of audio in 27.95 seconds
Realtime factor: 0.09x
Warning: Generation is slower than realtime
Total speech generation completed in 27.95 seconds
INFO:     127.0.0.1:55090 - "POST /v1/audio/speech HTTP/1.1" 200 OK
Starting speech generation for 'Configuration files (e.g., `axolotl_2x8gb.yml`) de...'
Using voice: tara, GPU acceleration: Yes
Generating speech for: <|audio|>tara: Configuration files (e.g., `axolotl_2x8gb.yml`) define agent behavior, and the system dynamically routes inputs through<|eot_id|>
Generation limits: max_tokens=595, max_seconds=180
Progress: 9.9 tokens/sec, est. 0.0s audio generated, 20 tokens, 0 chunks in 2.0s
Processing buffer with 28 tokens, total collected: 28
Audio generation rate: 0.24 chunks/second
Progress: 9.3 tokens/sec, est. 0.1s audio generated, 38 tokens, 1 chunks in 4.1s
Token processing rate: 4.8 tokens/second
Progress: 8.5 tokens/sec, est. 0.3s audio generated, 52 tokens, 3 chunks in 6.1s
Audio generation rate: 0.46 chunks/second
Processing buffer with 28 tokens, total collected: 56
Progress: 8.1 tokens/sec, est. 0.4s audio generated, 66 tokens, 5 chunks in 8.1s
Progress: 7.9 tokens/sec, est. 0.4s audio generated, 80 tokens, 5 chunks in 10.1s
Token processing rate: 6.1 tokens/second
Processing buffer with 28 tokens, total collected: 84
Audio generation rate: 0.70 chunks/second
Progress: 8.0 tokens/sec, est. 0.9s audio generated, 97 tokens, 10 chunks in 12.2s
Progress: 8.0 tokens/sec, est. 1.0s audio generated, 115 tokens, 12 chunks in 14.3s
Processing buffer with 28 tokens, total collected: 112
Audio generation rate: 0.78 chunks/second
Progress: 8.1 tokens/sec, est. 1.2s audio generated, 133 tokens, 14 chunks in 16.4s
Token processing rate: 6.8 tokens/second
Processing buffer with 28 tokens, total collected: 140
Progress: 8.2 tokens/sec, est. 1.4s audio generated, 151 tokens, 17 chunks in 18.5s
Audio generation rate: 0.88 chunks/second
Progress: 8.2 tokens/sec, est. 1.6s audio generated, 168 tokens, 19 chunks in 20.5s
Processing buffer with 28 tokens, total collected: 168
Progress: 8.2 tokens/sec, est. 1.8s audio generated, 185 tokens, 21 chunks in 22.6s
Token processing rate: 7.2 tokens/second
Audio generation rate: 0.91 chunks/second
Progress: 8.2 tokens/sec, est. 2.0s audio generated, 202 tokens, 24 chunks in 24.6s
Processing buffer with 28 tokens, total collected: 196
Progress: 8.2 tokens/sec, est. 2.2s audio generated, 219 tokens, 26 chunks in 26.7s
Audio generation rate: 0.96 chunks/second
Progress: 8.2 tokens/sec, est. 2.4s audio generated, 236 tokens, 28 chunks in 28.8s
Token processing rate: 7.4 tokens/second
Processing buffer with 28 tokens, total collected: 224
Progress: 8.2 tokens/sec, est. 2.6s audio generated, 253 tokens, 30 chunks in 30.9s
Audio generation rate: 0.97 chunks/second
Processing buffer with 28 tokens, total collected: 252
Progress: 8.2 tokens/sec, est. 2.8s audio generated, 270 tokens, 33 chunks in 33.0s
Progress: 8.2 tokens/sec, est. 3.0s audio generated, 287 tokens, 35 chunks in 35.1s
Token processing rate: 7.5 tokens/second
Audio generation rate: 1.00 chunks/second
Processing buffer with 28 tokens, total collected: 280
Progress: 8.2 tokens/sec, est. 3.1s audio generated, 303 tokens, 37 chunks in 37.1s
Progress: 8.2 tokens/sec, est. 3.4s audio generated, 319 tokens, 40 chunks in 39.1s
Processing buffer with 28 tokens, total collected: 308
Audio generation rate: 1.03 chunks/second
Progress: 8.1 tokens/sec, est. 3.6s audio generated, 335 tokens, 42 chunks in 41.1s
Token processing rate: 7.6 tokens/second
Progress: 8.1 tokens/sec, est. 3.7s audio generated, 351 tokens, 44 chunks in 43.2s
Processing buffer with 28 tokens, total collected: 336
Audio generation rate: 1.02 chunks/second
Progress: 8.1 tokens/sec, est. 3.9s audio generated, 367 tokens, 46 chunks in 45.2s
Processing buffer with 28 tokens, total collected: 364
Progress: 8.1 tokens/sec, est. 4.2s audio generated, 383 tokens, 49 chunks in 47.3s
Token processing rate: 7.6 tokens/second
Audio generation rate: 1.04 chunks/second
Progress: 8.1 tokens/sec, est. 4.3s audio generated, 399 tokens, 51 chunks in 49.4s
Processing buffer with 28 tokens, total collected: 392
Progress: 8.0 tokens/sec, est. 4.5s audio generated, 414 tokens, 53 chunks in 51.5s
Audio generation rate: 1.03 chunks/second
Progress: 8.0 tokens/sec, est. 4.8s audio generated, 429 tokens, 56 chunks in 53.6s
Token processing rate: 7.6 tokens/second
Processing buffer with 28 tokens, total collected: 420
Progress: 8.0 tokens/sec, est. 4.9s audio generated, 445 tokens, 58 chunks in 55.7s
Audio generation rate: 1.04 chunks/second
Progress: 8.0 tokens/sec, est. 5.1s audio generated, 461 tokens, 60 chunks in 57.8s
Processing buffer with 28 tokens, total collected: 448
Progress: 8.0 tokens/sec, est. 5.3s audio generated, 477 tokens, 62 chunks in 59.9s
Token processing rate: 7.6 tokens/second
Audio generation rate: 1.03 chunks/second
Processing buffer with 28 tokens, total collected: 476
Progress: 7.9 tokens/sec, est. 5.5s audio generated, 492 tokens, 65 chunks in 62.0s
Progress: 7.9 tokens/sec, est. 5.7s audio generated, 507 tokens, 67 chunks in 64.0s
Audio generation rate: 1.04 chunks/second
Processing buffer with 28 tokens, total collected: 504
Progress: 7.9 tokens/sec, est. 5.9s audio generated, 522 tokens, 69 chunks in 66.0s
Token processing rate: 7.5 tokens/second
Progress: 7.9 tokens/sec, est. 6.1s audio generated, 537 tokens, 72 chunks in 68.0s
Processing buffer with 28 tokens, total collected: 532
Audio generation rate: 1.05 chunks/second
Progress: 7.9 tokens/sec, est. 6.3s audio generated, 552 tokens, 74 chunks in 70.1s
Progress: 7.9 tokens/sec, est. 6.5s audio generated, 567 tokens, 76 chunks in 72.1s
Token processing rate: 7.5 tokens/second
Processing buffer with 28 tokens, total collected: 560
Audio generation rate: 1.04 chunks/second
Progress: 7.8 tokens/sec, est. 6.6s audio generated, 582 tokens, 78 chunks in 74.2s
Processing buffer with 28 tokens, total collected: 588
Token generation complete: 595 tokens in 76.43s (7.8 tokens/sec)
Generated 81 audio segments
Generated 6.91 seconds of audio in 76.43 seconds
Realtime factor: 0.09x
Warning: Generation is slower than realtime
Total speech generation completed in 76.43 seconds
INFO:     127.0.0.1:55122 - "POST /v1/audio/speech HTTP/1.1" 200 OK
Starting speech generation for 'the graph. The `bypass_math.py` script enables rea...'
Using voice: tara, GPU acceleration: Yes
Generating speech for: <|audio|>tara: the graph. The `bypass_math.py` script enables real-time mathematical inference without full computation.<|eot_id|>
Generation limits: max_tokens=525, max_seconds=180
Progress: 9.9 tokens/sec, est. 0.0s audio generated, 20 tokens, 0 chunks in 2.0s
Processing buffer with 28 tokens, total collected: 28
Audio generation rate: 0.24 chunks/second
Progress: 9.3 tokens/sec, est. 0.1s audio generated, 38 tokens, 1 chunks in 4.1s
Token processing rate: 5.0 tokens/second
Progress: 9.1 tokens/sec, est. 0.3s audio generated, 56 tokens, 3 chunks in 6.1s
Audio generation rate: 0.51 chunks/second
Processing buffer with 28 tokens, total collected: 56
Progress: 9.0 tokens/sec, est. 0.4s audio generated, 74 tokens, 5 chunks in 8.2s
Progress: 9.0 tokens/sec, est. 0.7s audio generated, 92 tokens, 8 chunks in 10.3s
Token processing rate: 6.8 tokens/second
Processing buffer with 28 tokens, total collected: 84
Audio generation rate: 0.78 chunks/second
Progress: 8.9 tokens/sec, est. 0.9s audio generated, 110 tokens, 10 chunks in 12.4s
Progress: 8.8 tokens/sec, est. 1.0s audio generated, 128 tokens, 12 chunks in 14.5s
Processing buffer with 28 tokens, total collected: 112
Audio generation rate: 0.85 chunks/second
Token processing rate: 7.4 tokens/second
Processing buffer with 28 tokens, total collected: 140
Progress: 8.8 tokens/sec, est. 1.4s audio generated, 146 tokens, 17 chunks in 16.6s
Audio generation rate: 0.94 chunks/second
Progress: 8.7 tokens/sec, est. 1.6s audio generated, 163 tokens, 19 chunks in 18.7s
Processing buffer with 28 tokens, total collected: 168
Progress: 8.5 tokens/sec, est. 1.8s audio generated, 176 tokens, 21 chunks in 20.7s
Progress: 8.3 tokens/sec, est. 1.8s audio generated, 190 tokens, 21 chunks in 22.8s
Token processing rate: 7.3 tokens/second
Audio generation rate: 0.92 chunks/second
Progress: 8.3 tokens/sec, est. 2.0s audio generated, 206 tokens, 24 chunks in 24.8s
Processing buffer with 28 tokens, total collected: 196
Progress: 8.3 tokens/sec, est. 2.2s audio generated, 223 tokens, 26 chunks in 26.9s
Audio generation rate: 0.97 chunks/second
Progress: 8.3 tokens/sec, est. 2.4s audio generated, 240 tokens, 28 chunks in 28.9s
Token processing rate: 7.5 tokens/second
Processing buffer with 28 tokens, total collected: 224
Audio generation rate: 0.98 chunks/second
Processing buffer with 28 tokens, total collected: 252
Progress: 8.3 tokens/sec, est. 2.8s audio generated, 257 tokens, 33 chunks in 31.0s
Progress: 8.3 tokens/sec, est. 3.0s audio generated, 274 tokens, 35 chunks in 33.1s
Token processing rate: 7.6 tokens/second
Audio generation rate: 1.01 chunks/second
Processing buffer with 28 tokens, total collected: 280
Progress: 8.3 tokens/sec, est. 3.1s audio generated, 291 tokens, 37 chunks in 35.2s
Progress: 8.2 tokens/sec, est. 3.4s audio generated, 308 tokens, 40 chunks in 37.4s
Processing buffer with 28 tokens, total collected: 308
Audio generation rate: 1.03 chunks/second
Progress: 8.2 tokens/sec, est. 3.6s audio generated, 324 tokens, 42 chunks in 39.4s
Token processing rate: 7.6 tokens/second
Progress: 8.2 tokens/sec, est. 3.7s audio generated, 340 tokens, 44 chunks in 41.4s
Processing buffer with 28 tokens, total collected: 336
Audio generation rate: 1.03 chunks/second
Progress: 8.2 tokens/sec, est. 3.9s audio generated, 356 tokens, 46 chunks in 43.4s
Processing buffer with 28 tokens, total collected: 364
Progress: 8.2 tokens/sec, est. 4.2s audio generated, 372 tokens, 49 chunks in 45.5s
Token processing rate: 7.7 tokens/second
Audio generation rate: 1.05 chunks/second
Progress: 8.2 tokens/sec, est. 4.3s audio generated, 388 tokens, 51 chunks in 47.5s
Processing buffer with 28 tokens, total collected: 392
Progress: 8.1 tokens/sec, est. 4.5s audio generated, 404 tokens, 53 chunks in 49.6s
Audio generation rate: 1.04 chunks/second
Progress: 8.1 tokens/sec, est. 4.8s audio generated, 420 tokens, 56 chunks in 51.7s
Token processing rate: 7.7 tokens/second
Processing buffer with 28 tokens, total collected: 420
Progress: 8.1 tokens/sec, est. 4.9s audio generated, 435 tokens, 58 chunks in 53.7s
Audio generation rate: 1.05 chunks/second
Progress: 8.1 tokens/sec, est. 5.1s audio generated, 451 tokens, 60 chunks in 55.8s
Processing buffer with 28 tokens, total collected: 448
Progress: 8.1 tokens/sec, est. 5.3s audio generated, 466 tokens, 62 chunks in 57.8s
Token processing rate: 7.7 tokens/second
Audio generation rate: 1.04 chunks/second
Processing buffer with 28 tokens, total collected: 476
Progress: 8.0 tokens/sec, est. 5.5s audio generated, 482 tokens, 65 chunks in 59.9s
Progress: 8.0 tokens/sec, est. 5.7s audio generated, 497 tokens, 67 chunks in 61.9s
Progress: 8.0 tokens/sec, est. 5.7s audio generated, 512 tokens, 67 chunks in 64.0s
Audio generation rate: 1.05 chunks/second
Processing buffer with 28 tokens, total collected: 504
Token generation complete: 525 tokens in 66.55s (7.9 tokens/sec)
Token processing rate: 7.7 tokens/second
Generated 71 audio segments
Generated 6.06 seconds of audio in 66.59 seconds
Realtime factor: 0.09x
Warning: Generation is slower than realtime
Total speech generation completed in 66.59 seconds
INFO:     127.0.0.1:55528 - "POST /v1/audio/speech HTTP/1.1" 200 OK
Starting speech generation for '- **How it can be used**:'
Using voice: tara, GPU acceleration: Yes
Generating speech for: <|audio|>tara: - **How it can be used**:<|eot_id|>
Generation limits: max_tokens=240, max_seconds=180
Progress: 10.0 tokens/sec, est. 0.0s audio generated, 21 tokens, 0 chunks in 2.1s
Processing buffer with 28 tokens, total collected: 28
Audio generation rate: 0.24 chunks/second
Progress: 9.4 tokens/sec, est. 0.1s audio generated, 39 tokens, 1 chunks in 4.1s
Token processing rate: 5.0 tokens/second
Progress: 9.3 tokens/sec, est. 0.3s audio generated, 57 tokens, 3 chunks in 6.2s
Audio generation rate: 0.51 chunks/second
Processing buffer with 28 tokens, total collected: 56
Progress: 9.1 tokens/sec, est. 0.4s audio generated, 75 tokens, 5 chunks in 8.2s
Progress: 9.0 tokens/sec, est. 0.7s audio generated, 93 tokens, 8 chunks in 10.3s
Token processing rate: 6.8 tokens/second
Processing buffer with 28 tokens, total collected: 84
Audio generation rate: 0.79 chunks/second
Progress: 9.0 tokens/sec, est. 0.9s audio generated, 111 tokens, 10 chunks in 12.4s
Processing buffer with 28 tokens, total collected: 112
Audio generation rate: 0.86 chunks/second
Progress: 8.9 tokens/sec, est. 1.2s audio generated, 129 tokens, 14 chunks in 14.5s
Token processing rate: 7.4 tokens/second
Processing buffer with 28 tokens, total collected: 140
Progress: 8.9 tokens/sec, est. 1.4s audio generated, 147 tokens, 17 chunks in 16.6s
Audio generation rate: 0.95 chunks/second
Progress: 8.8 tokens/sec, est. 1.6s audio generated, 164 tokens, 19 chunks in 18.6s
Processing buffer with 28 tokens, total collected: 168
Progress: 8.8 tokens/sec, est. 1.8s audio generated, 181 tokens, 21 chunks in 20.6s
Token processing rate: 7.5 tokens/second
Audio generation rate: 0.95 chunks/second
Progress: 8.6 tokens/sec, est. 2.0s audio generated, 195 tokens, 23 chunks in 22.6s
Token generation complete: 205 tokens in 24.03s (8.5 tokens/sec)
Generated 23 audio segments
Generated 1.96 seconds of audio in 24.03 seconds
Realtime factor: 0.08x
Warning: Generation is slower than realtime
Total speech generation completed in 24.03 seconds
INFO:     127.0.0.1:55560 - "POST /v1/audio/speech HTTP/1.1" 200 OK
Starting speech generation for 'It can be leveraged to automate knowledge synthesi...'
Using voice: tara, GPU acceleration: Yes
Generating speech for: <|audio|>tara: It can be leveraged to automate knowledge synthesis from raw inputs (e.g., documents, queries) into structured outputs.<|eot_id|>
Generation limits: max_tokens=595, max_seconds=180
Progress: 9.8 tokens/sec, est. 0.0s audio generated, 20 tokens, 0 chunks in 2.0s
Processing buffer with 28 tokens, total collected: 28
Audio generation rate: 0.24 chunks/second
Progress: 9.3 tokens/sec, est. 0.1s audio generated, 38 tokens, 1 chunks in 4.1s
Token processing rate: 5.1 tokens/second
Progress: 9.2 tokens/sec, est. 0.3s audio generated, 56 tokens, 3 chunks in 6.1s
Audio generation rate: 0.51 chunks/second
Processing buffer with 28 tokens, total collected: 56
Progress: 9.0 tokens/sec, est. 0.4s audio generated, 74 tokens, 5 chunks in 8.2s
Progress: 9.0 tokens/sec, est. 0.7s audio generated, 92 tokens, 8 chunks in 10.3s
Token processing rate: 6.8 tokens/second
Processing buffer with 28 tokens, total collected: 84
Audio generation rate: 0.78 chunks/second
Progress: 8.9 tokens/sec, est. 0.9s audio generated, 110 tokens, 10 chunks in 12.4s
Progress: 8.8 tokens/sec, est. 1.0s audio generated, 127 tokens, 12 chunks in 14.4s
Processing buffer with 28 tokens, total collected: 112
Audio generation rate: 0.85 chunks/second
Progress: 8.8 tokens/sec, est. 1.2s audio generated, 144 tokens, 14 chunks in 16.4s
Token processing rate: 7.4 tokens/second
Processing buffer with 28 tokens, total collected: 140
Audio generation rate: 0.95 chunks/second
Progress: 8.8 tokens/sec, est. 1.6s audio generated, 161 tokens, 19 chunks in 18.4s
Processing buffer with 28 tokens, total collected: 168
Progress: 8.7 tokens/sec, est. 1.8s audio generated, 177 tokens, 21 chunks in 20.4s
Token processing rate: 7.6 tokens/second
Audio generation rate: 0.96 chunks/second
Progress: 8.6 tokens/sec, est. 2.0s audio generated, 194 tokens, 24 chunks in 22.5s
Processing buffer with 28 tokens, total collected: 196
Progress: 8.6 tokens/sec, est. 2.2s audio generated, 211 tokens, 26 chunks in 24.5s
Audio generation rate: 1.01 chunks/second
Progress: 8.6 tokens/sec, est. 2.4s audio generated, 228 tokens, 28 chunks in 26.6s
Token processing rate: 7.7 tokens/second
Processing buffer with 28 tokens, total collected: 224
Progress: 8.5 tokens/sec, est. 2.6s audio generated, 245 tokens, 30 chunks in 28.7s
Audio generation rate: 1.01 chunks/second
Processing buffer with 28 tokens, total collected: 252
Progress: 8.5 tokens/sec, est. 2.8s audio generated, 262 tokens, 33 chunks in 30.8s
Progress: 8.5 tokens/sec, est. 3.0s audio generated, 279 tokens, 35 chunks in 32.9s
Token processing rate: 7.8 tokens/second
Audio generation rate: 1.04 chunks/second
Processing buffer with 28 tokens, total collected: 280
Progress: 8.4 tokens/sec, est. 3.1s audio generated, 296 tokens, 37 chunks in 35.0s
Progress: 8.4 tokens/sec, est. 3.4s audio generated, 312 tokens, 40 chunks in 37.0s
Processing buffer with 28 tokens, total collected: 308
Audio generation rate: 1.06 chunks/second
Progress: 8.4 tokens/sec, est. 3.6s audio generated, 328 tokens, 42 chunks in 39.0s
Token processing rate: 7.8 tokens/second
Progress: 8.4 tokens/sec, est. 3.7s audio generated, 344 tokens, 44 chunks in 41.1s
Processing buffer with 28 tokens, total collected: 336
Audio generation rate: 1.05 chunks/second
Progress: 8.3 tokens/sec, est. 3.9s audio generated, 360 tokens, 46 chunks in 43.1s
Processing buffer with 28 tokens, total collected: 364
Progress: 8.3 tokens/sec, est. 4.2s audio generated, 376 tokens, 49 chunks in 45.2s
Token processing rate: 7.8 tokens/second
Audio generation rate: 1.07 chunks/second
Progress: 8.3 tokens/sec, est. 4.3s audio generated, 392 tokens, 51 chunks in 47.2s
Processing buffer with 28 tokens, total collected: 392
Progress: 8.3 tokens/sec, est. 4.5s audio generated, 408 tokens, 53 chunks in 49.3s
Audio generation rate: 1.06 chunks/second
Progress: 8.3 tokens/sec, est. 4.8s audio generated, 424 tokens, 56 chunks in 51.4s
Token processing rate: 7.8 tokens/second
Processing buffer with 28 tokens, total collected: 420
Progress: 8.2 tokens/sec, est. 4.9s audio generated, 440 tokens, 58 chunks in 53.5s
Audio generation rate: 1.07 chunks/second
Progress: 8.2 tokens/sec, est. 5.1s audio generated, 456 tokens, 60 chunks in 55.6s
Processing buffer with 28 tokens, total collected: 448
Progress: 8.2 tokens/sec, est. 5.3s audio generated, 472 tokens, 62 chunks in 57.7s
Token processing rate: 7.8 tokens/second
Audio generation rate: 1.06 chunks/second
Processing buffer with 28 tokens, total collected: 476
Progress: 8.2 tokens/sec, est. 5.5s audio generated, 487 tokens, 65 chunks in 59.7s
Progress: 8.1 tokens/sec, est. 5.7s audio generated, 503 tokens, 67 chunks in 61.9s
Audio generation rate: 1.07 chunks/second
Processing buffer with 28 tokens, total collected: 504
Progress: 8.1 tokens/sec, est. 5.9s audio generated, 518 tokens, 69 chunks in 63.9s
Token processing rate: 7.7 tokens/second
Progress: 8.1 tokens/sec, est. 6.1s audio generated, 533 tokens, 72 chunks in 65.9s
Processing buffer with 28 tokens, total collected: 532
Audio generation rate: 1.07 chunks/second
Progress: 8.0 tokens/sec, est. 6.3s audio generated, 546 tokens, 74 chunks in 68.0s
Progress: 8.0 tokens/sec, est. 6.5s audio generated, 561 tokens, 76 chunks in 70.1s
Progress: 8.0 tokens/sec, est. 6.5s audio generated, 576 tokens, 76 chunks in 72.1s
Token processing rate: 7.7 tokens/second
Processing buffer with 28 tokens, total collected: 560
Audio generation rate: 1.06 chunks/second
Progress: 8.0 tokens/sec, est. 6.6s audio generated, 591 tokens, 78 chunks in 74.2s
Processing buffer with 28 tokens, total collected: 588
Token generation complete: 595 tokens in 75.20s (7.9 tokens/sec)
Generated 81 audio segments
Generated 6.91 seconds of audio in 75.20 seconds
Realtime factor: 0.09x
Warning: Generation is slower than realtime
Total speech generation completed in 75.20 seconds
INFO:     127.0.0.1:55575 - "POST /v1/audio/speech HTTP/1.1" 200 OK
Starting speech generation for 'Ideal for research, AI-assisted content generation...'
Using voice: tara, GPU acceleration: Yes
Generating speech for: <|audio|>tara: Ideal for research, AI-assisted content generation, or dynamic decision-making systems.<|eot_id|>
Generation limits: max_tokens=435, max_seconds=180
Progress: 9.9 tokens/sec, est. 0.0s audio generated, 20 tokens, 0 chunks in 2.0s
Processing buffer with 28 tokens, total collected: 28
Audio generation rate: 0.24 chunks/second
Progress: 9.5 tokens/sec, est. 0.1s audio generated, 38 tokens, 1 chunks in 4.0s
Token processing rate: 5.1 tokens/second
Progress: 9.2 tokens/sec, est. 0.3s audio generated, 56 tokens, 3 chunks in 6.1s
Audio generation rate: 0.51 chunks/second
Processing buffer with 28 tokens, total collected: 56
Progress: 9.1 tokens/sec, est. 0.4s audio generated, 74 tokens, 5 chunks in 8.2s
Progress: 9.0 tokens/sec, est. 0.7s audio generated, 92 tokens, 8 chunks in 10.2s
Token processing rate: 6.8 tokens/second
Processing buffer with 28 tokens, total collected: 84
Audio generation rate: 0.78 chunks/second
Progress: 8.9 tokens/sec, est. 0.9s audio generated, 110 tokens, 10 chunks in 12.3s
Progress: 8.9 tokens/sec, est. 1.0s audio generated, 128 tokens, 12 chunks in 14.5s
Processing buffer with 28 tokens, total collected: 112
Audio generation rate: 0.85 chunks/second
Token processing rate: 7.4 tokens/second
Processing buffer with 28 tokens, total collected: 140
Progress: 8.8 tokens/sec, est. 1.4s audio generated, 146 tokens, 17 chunks in 16.6s
Audio generation rate: 0.95 chunks/second
Progress: 8.8 tokens/sec, est. 1.6s audio generated, 163 tokens, 19 chunks in 18.6s
Processing buffer with 28 tokens, total collected: 168
Progress: 8.7 tokens/sec, est. 1.8s audio generated, 180 tokens, 21 chunks in 20.6s
Token processing rate: 7.6 tokens/second
Audio generation rate: 0.96 chunks/second
Progress: 8.7 tokens/sec, est. 2.0s audio generated, 197 tokens, 24 chunks in 22.6s
Processing buffer with 28 tokens, total collected: 196
Progress: 8.7 tokens/sec, est. 2.2s audio generated, 214 tokens, 26 chunks in 24.7s
Audio generation rate: 1.01 chunks/second
Progress: 8.6 tokens/sec, est. 2.4s audio generated, 231 tokens, 28 chunks in 26.7s
Token processing rate: 7.8 tokens/second
Processing buffer with 28 tokens, total collected: 224
Progress: 8.6 tokens/sec, est. 2.6s audio generated, 248 tokens, 30 chunks in 28.8s
Audio generation rate: 1.01 chunks/second
Processing buffer with 28 tokens, total collected: 252
Progress: 8.6 tokens/sec, est. 2.8s audio generated, 265 tokens, 33 chunks in 30.9s
Progress: 8.5 tokens/sec, est. 3.0s audio generated, 282 tokens, 35 chunks in 33.0s
Token processing rate: 7.8 tokens/second
Audio generation rate: 1.04 chunks/second
Processing buffer with 28 tokens, total collected: 280
Progress: 8.5 tokens/sec, est. 3.1s audio generated, 299 tokens, 37 chunks in 35.0s
Progress: 8.5 tokens/sec, est. 3.4s audio generated, 315 tokens, 40 chunks in 37.1s
Processing buffer with 28 tokens, total collected: 308
Audio generation rate: 1.06 chunks/second
Progress: 8.4 tokens/sec, est. 3.6s audio generated, 328 tokens, 42 chunks in 39.1s
Token processing rate: 7.7 tokens/second
Progress: 8.3 tokens/sec, est. 3.7s audio generated, 342 tokens, 44 chunks in 41.2s
Processing buffer with 28 tokens, total collected: 336
Audio generation rate: 1.04 chunks/second
Progress: 8.3 tokens/sec, est. 3.9s audio generated, 358 tokens, 46 chunks in 43.2s
Processing buffer with 28 tokens, total collected: 364
Progress: 8.3 tokens/sec, est. 4.2s audio generated, 374 tokens, 49 chunks in 45.2s
Token processing rate: 7.7 tokens/second
Audio generation rate: 1.06 chunks/second
Progress: 8.3 tokens/sec, est. 4.3s audio generated, 390 tokens, 51 chunks in 47.3s
Processing buffer with 28 tokens, total collected: 392
Progress: 8.2 tokens/sec, est. 4.5s audio generated, 406 tokens, 53 chunks in 49.3s
Audio generation rate: 1.05 chunks/second
Progress: 8.2 tokens/sec, est. 4.8s audio generated, 422 tokens, 56 chunks in 51.4s
Token processing rate: 7.7 tokens/second
Processing buffer with 28 tokens, total collected: 420
Token generation complete: 435 tokens in 53.57s (8.1 tokens/sec)
Generated 58 audio segments
Generated 4.95 seconds of audio in 53.57 seconds
Realtime factor: 0.09x
Warning: Generation is slower than realtime
Total speech generation completed in 53.57 seconds
INFO:     127.0.0.1:55611 - "POST /v1/audio/speech HTTP/1.1" 200 OK
Starting speech generation for 'Users can plug in custom agent modules or modify c...'
Using voice: tara, GPU acceleration: Yes
INFO:     127.0.0.1:53099 - "GET /health HTTP/1.1" 200 OK
INFO:     127.0.0.1:64273 - "GET /health HTTP/1.1" 200 OK
INFO:     127.0.0.1:52351 - "GET /health HTTP/1.1" 200 OK
INFO:     127.0.0.1:52420 - "GET /health HTTP/1.1" 200 OK
