Starting Orpheus TTS bridge on http://127.0.0.1:5006 ...
Python: F:\network_management\Wi-Fi Sensing & CSI Data Extraction\Model_training\.venv-gtx1080\Scripts\python.exe
CUDA_VISIBLE_DEVICES: 0
LM Studio completions: http://127.0.0.1:1234/v1/completions
LM Studio TTS model: orpeus_text_to_speech
Synthesis concurrency: 1
Per-chunk limits: 1200 tokens / 180 seconds
Starting Orpheus-FASTAPI Server
INFO:     127.0.0.1:53443 - "GET /health HTTP/1.1" 200 OK
INFO:     127.0.0.1:60154 - "GET /health HTTP/1.1" 200 OK
INFO:     127.0.0.1:60177 - "GET /health HTTP/1.1" 200 OK
INFO:     127.0.0.1:60178 - "GET /health HTTP/1.1" 200 OK
INFO:     127.0.0.1:60182 - "GET /health HTTP/1.1" 200 OK
INFO:     127.0.0.1:54305 - "GET /health HTTP/1.1" 200 OK
Starting speech generation for 'I'm sorry, I didn't understand. Could you please c...'
Using voice: tara, GPU acceleration: Yes
Generating speech for: <|audio|>tara: I'm sorry, I didn't understand. Could you please clarify or provide more details about what you need?<|eot_id|>
Generation limits: max_tokens=505, max_seconds=180
Progress: 11.0 tokens/sec, est. 0.0s audio generated, 23 tokens, 0 chunks in 2.1s
Processing buffer with 28 tokens, total collected: 28
PyTorch 2.0+ detected, torch.compile is available
CUDA graphs support is available
Using device: cuda
Using standard PyTorch optimizations (torch.compile disabled)
Using CUDA stream for parallel processing
Progress: 6.8 tokens/sec, est. 0.1s audio generated, 32 tokens, 1 chunks in 4.7s
Audio generation rate: 0.18 chunks/second
Token processing rate: 5.2 tokens/second
Processing buffer with 28 tokens, total collected: 56
Progress: 10.3 tokens/sec, est. 0.4s audio generated, 70 tokens, 5 chunks in 6.8s
Audio generation rate: 0.70 chunks/second
Progress: 10.3 tokens/sec, est. 0.7s audio generated, 90 tokens, 8 chunks in 8.8s
Processing buffer with 28 tokens, total collected: 84
Progress: 10.2 tokens/sec, est. 0.9s audio generated, 110 tokens, 10 chunks in 10.8s
Token processing rate: 7.9 tokens/second
Audio generation rate: 0.93 chunks/second
Processing buffer with 28 tokens, total collected: 112
Progress: 10.1 tokens/sec, est. 1.2s audio generated, 130 tokens, 14 chunks in 12.9s
Audio generation rate: 0.99 chunks/second
Processing buffer with 28 tokens, total collected: 140
Progress: 10.0 tokens/sec, est. 1.4s audio generated, 150 tokens, 17 chunks in 15.0s
Progress: 10.0 tokens/sec, est. 1.5s audio generated, 170 tokens, 18 chunks in 17.0s
Token processing rate: 8.3 tokens/second
Progress: 9.9 tokens/sec, est. 1.5s audio generated, 189 tokens, 18 chunks in 19.0s
Processing buffer with 28 tokens, total collected: 168
Audio generation rate: 0.94 chunks/second
Progress: 9.9 tokens/sec, est. 1.7s audio generated, 208 tokens, 20 chunks in 21.0s
Processing buffer with 28 tokens, total collected: 196
Token processing rate: 8.4 tokens/second
Audio generation rate: 0.93 chunks/second
Progress: 9.8 tokens/sec, est. 2.0s audio generated, 227 tokens, 23 chunks in 23.1s
Processing buffer with 28 tokens, total collected: 224
Progress: 9.8 tokens/sec, est. 2.1s audio generated, 246 tokens, 25 chunks in 25.1s
Audio generation rate: 0.96 chunks/second
Progress: 9.7 tokens/sec, est. 2.4s audio generated, 265 tokens, 28 chunks in 27.2s
Token processing rate: 8.6 tokens/second
Processing buffer with 28 tokens, total collected: 252
Progress: 9.7 tokens/sec, est. 2.6s audio generated, 284 tokens, 30 chunks in 29.3s
Audio generation rate: 1.02 chunks/second
Progress: 9.7 tokens/sec, est. 2.7s audio generated, 302 tokens, 32 chunks in 31.3s
Processing buffer with 28 tokens, total collected: 280
Token processing rate: 8.7 tokens/second
Audio generation rate: 1.06 chunks/second
Processing buffer with 28 tokens, total collected: 308
Progress: 9.6 tokens/sec, est. 3.1s audio generated, 321 tokens, 37 chunks in 33.4s
Progress: 9.6 tokens/sec, est. 3.3s audio generated, 339 tokens, 39 chunks in 35.4s
Audio generation rate: 1.06 chunks/second
Processing buffer with 28 tokens, total collected: 336
Progress: 9.5 tokens/sec, est. 3.5s audio generated, 357 tokens, 41 chunks in 37.5s
Token processing rate: 8.7 tokens/second
Progress: 9.5 tokens/sec, est. 3.7s audio generated, 375 tokens, 44 chunks in 39.5s
Processing buffer with 28 tokens, total collected: 364
Audio generation rate: 1.09 chunks/second
Progress: 9.4 tokens/sec, est. 3.9s audio generated, 391 tokens, 46 chunks in 41.6s
Progress: 9.3 tokens/sec, est. 4.1s audio generated, 406 tokens, 48 chunks in 43.6s
Token processing rate: 8.6 tokens/second
Processing buffer with 28 tokens, total collected: 392
Audio generation rate: 1.08 chunks/second
Progress: 9.3 tokens/sec, est. 4.3s audio generated, 424 tokens, 51 chunks in 45.7s
Processing buffer with 28 tokens, total collected: 420
Progress: 9.2 tokens/sec, est. 4.5s audio generated, 442 tokens, 53 chunks in 47.8s
Audio generation rate: 1.10 chunks/second
Progress: 9.2 tokens/sec, est. 4.7s audio generated, 460 tokens, 55 chunks in 49.9s
Token processing rate: 8.6 tokens/second
Processing buffer with 28 tokens, total collected: 448
Progress: 9.2 tokens/sec, est. 4.8s audio generated, 477 tokens, 57 chunks in 51.9s
Audio generation rate: 1.09 chunks/second
Progress: 9.2 tokens/sec, est. 5.1s audio generated, 494 tokens, 60 chunks in 54.0s
Processing buffer with 28 tokens, total collected: 476
Token generation complete: 505 tokens in 55.94s (9.0 tokens/sec)
Generated 63 audio segments
Generated 5.38 seconds of audio in 55.95 seconds
Realtime factor: 0.10x
Warning: Generation is slower than realtime
Total speech generation completed in 55.95 seconds
INFO:     127.0.0.1:62886 - "POST /v1/audio/speech HTTP/1.1" 200 OK
INFO:     127.0.0.1:49459 - "GET /health HTTP/1.1" 200 OK
Starting speech generation for 'Hmm, I'm not sure what you mean by "huh." Could yo...'
Using voice: tara, GPU acceleration: Yes
Generating speech for: <|audio|>tara: Hmm, I'm not sure what you mean by "huh." Could you please clarify your question or request?<|eot_id|>
Generation limits: max_tokens=460, max_seconds=180
Progress: 10.5 tokens/sec, est. 0.0s audio generated, 21 tokens, 0 chunks in 2.0s
Processing buffer with 28 tokens, total collected: 28
Audio generation rate: 0.26 chunks/second
Progress: 10.0 tokens/sec, est. 0.1s audio generated, 40 tokens, 1 chunks in 4.0s
Token processing rate: 5.4 tokens/second
Progress: 9.8 tokens/sec, est. 0.3s audio generated, 59 tokens, 3 chunks in 6.0s
Audio generation rate: 0.55 chunks/second
Processing buffer with 28 tokens, total collected: 56
Progress: 9.6 tokens/sec, est. 0.4s audio generated, 78 tokens, 5 chunks in 8.1s
Token processing rate: 7.2 tokens/second
Processing buffer with 28 tokens, total collected: 84
Audio generation rate: 0.84 chunks/second
Progress: 9.6 tokens/sec, est. 0.9s audio generated, 97 tokens, 10 chunks in 10.1s
Progress: 9.5 tokens/sec, est. 1.0s audio generated, 116 tokens, 12 chunks in 12.2s
Processing buffer with 28 tokens, total collected: 112
Audio generation rate: 0.91 chunks/second
Progress: 9.4 tokens/sec, est. 1.2s audio generated, 135 tokens, 14 chunks in 14.3s
Token processing rate: 7.9 tokens/second
Processing buffer with 28 tokens, total collected: 140
Progress: 9.4 tokens/sec, est. 1.4s audio generated, 153 tokens, 17 chunks in 16.3s
Audio generation rate: 1.01 chunks/second
Progress: 9.3 tokens/sec, est. 1.6s audio generated, 171 tokens, 19 chunks in 18.3s
Processing buffer with 28 tokens, total collected: 168
Progress: 9.3 tokens/sec, est. 1.8s audio generated, 189 tokens, 21 chunks in 20.4s
Token processing rate: 8.1 tokens/second
Audio generation rate: 1.03 chunks/second
Progress: 9.2 tokens/sec, est. 2.0s audio generated, 207 tokens, 24 chunks in 22.4s
Processing buffer with 28 tokens, total collected: 196
Audio generation rate: 1.08 chunks/second
Progress: 9.2 tokens/sec, est. 2.4s audio generated, 225 tokens, 28 chunks in 24.4s
Token processing rate: 8.3 tokens/second
Processing buffer with 28 tokens, total collected: 224
Progress: 9.2 tokens/sec, est. 2.6s audio generated, 243 tokens, 30 chunks in 26.5s
Audio generation rate: 1.08 chunks/second
Processing buffer with 28 tokens, total collected: 252
Progress: 9.1 tokens/sec, est. 2.8s audio generated, 261 tokens, 33 chunks in 28.6s
Progress: 9.1 tokens/sec, est. 3.0s audio generated, 279 tokens, 35 chunks in 30.7s
Token processing rate: 8.3 tokens/second
Audio generation rate: 1.11 chunks/second
Processing buffer with 28 tokens, total collected: 280
Progress: 9.0 tokens/sec, est. 3.1s audio generated, 295 tokens, 37 chunks in 32.8s
Progress: 8.9 tokens/sec, est. 3.4s audio generated, 309 tokens, 40 chunks in 34.8s
Processing buffer with 28 tokens, total collected: 308
Audio generation rate: 1.10 chunks/second
Progress: 8.8 tokens/sec, est. 3.6s audio generated, 323 tokens, 42 chunks in 36.9s
Token processing rate: 8.0 tokens/second
Progress: 8.6 tokens/sec, est. 3.7s audio generated, 337 tokens, 44 chunks in 39.0s
Progress: 8.5 tokens/sec, est. 3.7s audio generated, 351 tokens, 44 chunks in 41.1s
Processing buffer with 28 tokens, total collected: 336
Audio generation rate: 1.07 chunks/second
Progress: 8.5 tokens/sec, est. 3.9s audio generated, 365 tokens, 46 chunks in 43.2s
Processing buffer with 28 tokens, total collected: 364
Progress: 8.4 tokens/sec, est. 4.2s audio generated, 381 tokens, 49 chunks in 45.2s
Token processing rate: 7.9 tokens/second
Audio generation rate: 1.08 chunks/second
Progress: 8.4 tokens/sec, est. 4.3s audio generated, 398 tokens, 51 chunks in 47.2s
Processing buffer with 28 tokens, total collected: 392
Progress: 8.4 tokens/sec, est. 4.5s audio generated, 415 tokens, 53 chunks in 49.3s
Audio generation rate: 1.08 chunks/second
Progress: 8.4 tokens/sec, est. 4.8s audio generated, 432 tokens, 56 chunks in 51.4s
Token processing rate: 7.9 tokens/second
Processing buffer with 28 tokens, total collected: 420
Audio generation rate: 1.09 chunks/second
Progress: 8.4 tokens/sec, est. 5.1s audio generated, 449 tokens, 60 chunks in 53.5s
Token generation complete: 460 tokens in 55.31s (8.3 tokens/sec)
Processing buffer with 28 tokens, total collected: 448
Generated 62 audio segments
Generated 5.29 seconds of audio in 55.34 seconds
Realtime factor: 0.10x
Warning: Generation is slower than realtime
Total speech generation completed in 55.34 seconds
INFO:     127.0.0.1:49470 - "POST /v1/audio/speech HTTP/1.1" 200 OK
INFO:     127.0.0.1:58671 - "GET /health HTTP/1.1" 200 OK
Starting speech generation for 'I'm sorry, could you clarify your request?'
Using voice: tara, GPU acceleration: Yes
Generating speech for: <|audio|>tara: I'm sorry, could you clarify your request?<|eot_id|>
Generation limits: max_tokens=240, max_seconds=180
Progress: 10.9 tokens/sec, est. 0.0s audio generated, 22 tokens, 0 chunks in 2.0s
Processing buffer with 28 tokens, total collected: 28
Audio generation rate: 0.27 chunks/second
Progress: 10.4 tokens/sec, est. 0.1s audio generated, 42 tokens, 1 chunks in 4.0s
Token processing rate: 5.7 tokens/second
Progress: 10.2 tokens/sec, est. 0.3s audio generated, 62 tokens, 3 chunks in 6.1s
Audio generation rate: 0.57 chunks/second
Processing buffer with 28 tokens, total collected: 56
Progress: 10.0 tokens/sec, est. 0.7s audio generated, 82 tokens, 8 chunks in 8.2s
Processing buffer with 28 tokens, total collected: 84
Audio generation rate: 0.87 chunks/second
Progress: 9.9 tokens/sec, est. 0.9s audio generated, 102 tokens, 10 chunks in 10.3s
Token processing rate: 7.8 tokens/second
Progress: 9.9 tokens/sec, est. 1.0s audio generated, 121 tokens, 12 chunks in 12.3s
Processing buffer with 28 tokens, total collected: 112
Audio generation rate: 0.95 chunks/second
Progress: 9.8 tokens/sec, est. 1.2s audio generated, 140 tokens, 14 chunks in 14.3s
Processing buffer with 28 tokens, total collected: 140
Progress: 9.7 tokens/sec, est. 1.4s audio generated, 159 tokens, 17 chunks in 16.4s
Token processing rate: 8.3 tokens/second
Audio generation rate: 1.05 chunks/second
Processing buffer with 28 tokens, total collected: 168
Progress: 9.7 tokens/sec, est. 1.8s audio generated, 178 tokens, 21 chunks in 18.4s
Audio generation rate: 1.07 chunks/second
Progress: 9.6 tokens/sec, est. 2.0s audio generated, 197 tokens, 24 chunks in 20.5s
Token processing rate: 8.4 tokens/second
Processing buffer with 28 tokens, total collected: 196
Progress: 9.5 tokens/sec, est. 2.2s audio generated, 213 tokens, 26 chunks in 22.5s
Audio generation rate: 1.09 chunks/second
Progress: 9.3 tokens/sec, est. 2.4s audio generated, 228 tokens, 28 chunks in 24.6s
Token generation complete: 240 tokens in 26.29s (9.1 tokens/sec)
Processing buffer with 28 tokens, total collected: 224
Generated 30 audio segments
Generated 2.56 seconds of audio in 26.31 seconds
Realtime factor: 0.10x
Warning: Generation is slower than realtime
Total speech generation completed in 26.31 seconds
INFO:     127.0.0.1:58681 - "POST /v1/audio/speech HTTP/1.1" 200 OK
Starting speech generation for 'I can assist with queries about system status, rem...'
Using voice: tara, GPU acceleration: Yes
Generating speech for: <|audio|>tara: I can assist with queries about system status, reminders, weather, and other tools if needed.<|eot_id|>
Generation limits: max_tokens=465, max_seconds=180
Progress: 10.8 tokens/sec, est. 0.0s audio generated, 22 tokens, 0 chunks in 2.0s
Processing buffer with 28 tokens, total collected: 28
Audio generation rate: 0.27 chunks/second
Progress: 10.4 tokens/sec, est. 0.1s audio generated, 42 tokens, 1 chunks in 4.1s
Token processing rate: 5.7 tokens/second
Progress: 10.1 tokens/sec, est. 0.3s audio generated, 62 tokens, 3 chunks in 6.1s
Audio generation rate: 0.57 chunks/second
Processing buffer with 28 tokens, total collected: 56
Progress: 10.0 tokens/sec, est. 0.7s audio generated, 82 tokens, 8 chunks in 8.2s
Token processing rate: 7.6 tokens/second
Processing buffer with 28 tokens, total collected: 84
Audio generation rate: 0.87 chunks/second
Progress: 9.9 tokens/sec, est. 0.9s audio generated, 102 tokens, 10 chunks in 10.3s
Progress: 9.8 tokens/sec, est. 1.0s audio generated, 121 tokens, 12 chunks in 12.3s
Processing buffer with 28 tokens, total collected: 112
Audio generation rate: 0.95 chunks/second
Progress: 9.8 tokens/sec, est. 1.2s audio generated, 140 tokens, 14 chunks in 14.4s
Token processing rate: 8.2 tokens/second
Processing buffer with 28 tokens, total collected: 140
Progress: 9.7 tokens/sec, est. 1.4s audio generated, 159 tokens, 17 chunks in 16.4s
Audio generation rate: 1.05 chunks/second
Processing buffer with 28 tokens, total collected: 168
Progress: 9.6 tokens/sec, est. 1.8s audio generated, 178 tokens, 21 chunks in 18.5s
Token processing rate: 8.4 tokens/second
Audio generation rate: 1.07 chunks/second
Progress: 9.6 tokens/sec, est. 2.0s audio generated, 197 tokens, 24 chunks in 20.5s
Processing buffer with 28 tokens, total collected: 196
Progress: 9.6 tokens/sec, est. 2.2s audio generated, 216 tokens, 26 chunks in 22.6s
Audio generation rate: 1.12 chunks/second
Progress: 9.5 tokens/sec, est. 2.4s audio generated, 234 tokens, 28 chunks in 24.6s
Token processing rate: 8.6 tokens/second
Processing buffer with 28 tokens, total collected: 224
Progress: 9.5 tokens/sec, est. 2.6s audio generated, 252 tokens, 30 chunks in 26.6s
Audio generation rate: 1.12 chunks/second
Processing buffer with 28 tokens, total collected: 252
Progress: 9.4 tokens/sec, est. 2.8s audio generated, 270 tokens, 33 chunks in 28.6s
Progress: 9.4 tokens/sec, est. 3.0s audio generated, 288 tokens, 35 chunks in 30.7s
Token processing rate: 8.6 tokens/second
Audio generation rate: 1.15 chunks/second
Processing buffer with 28 tokens, total collected: 280
Progress: 9.4 tokens/sec, est. 3.4s audio generated, 306 tokens, 40 chunks in 32.7s
Processing buffer with 28 tokens, total collected: 308
Audio generation rate: 1.17 chunks/second
Progress: 9.3 tokens/sec, est. 3.6s audio generated, 324 tokens, 42 chunks in 34.7s
Token processing rate: 8.6 tokens/second
Progress: 9.3 tokens/sec, est. 3.7s audio generated, 342 tokens, 44 chunks in 36.8s
Processing buffer with 28 tokens, total collected: 336
Audio generation rate: 1.17 chunks/second
Progress: 9.3 tokens/sec, est. 3.9s audio generated, 360 tokens, 46 chunks in 38.9s
Processing buffer with 28 tokens, total collected: 364
Progress: 9.2 tokens/sec, est. 4.2s audio generated, 376 tokens, 49 chunks in 41.0s
Token processing rate: 8.6 tokens/second
Audio generation rate: 1.18 chunks/second
Progress: 9.1 tokens/sec, est. 4.3s audio generated, 394 tokens, 51 chunks in 43.1s
Processing buffer with 28 tokens, total collected: 392
Progress: 9.1 tokens/sec, est. 4.5s audio generated, 412 tokens, 53 chunks in 45.2s
Audio generation rate: 1.17 chunks/second
Progress: 9.1 tokens/sec, est. 4.8s audio generated, 430 tokens, 56 chunks in 47.3s
Token processing rate: 8.6 tokens/second
Processing buffer with 28 tokens, total collected: 420
Progress: 9.1 tokens/sec, est. 4.9s audio generated, 447 tokens, 58 chunks in 49.3s
Audio generation rate: 1.18 chunks/second
Processing buffer with 28 tokens, total collected: 448
Token generation complete: 465 tokens in 51.90s (9.0 tokens/sec)
Generated 62 audio segments
Generated 5.29 seconds of audio in 51.90 seconds
Realtime factor: 0.10x
Warning: Generation is slower than realtime
Total speech generation completed in 51.90 seconds
INFO:     127.0.0.1:58700 - "POST /v1/audio/speech HTTP/1.1" 200 OK
INFO:     127.0.0.1:63837 - "GET /health HTTP/1.1" 200 OK
Starting speech generation for 'Huh? I'm listening. What can I do for you?'
Using voice: tara, GPU acceleration: Yes
Generating speech for: <|audio|>tara: Huh? I'm listening. What can I do for you?<|eot_id|>
Generation limits: max_tokens=240, max_seconds=180
Progress: 12.0 tokens/sec, est. 0.0s audio generated, 24 tokens, 0 chunks in 2.0s
Processing buffer with 28 tokens, total collected: 28
Audio generation rate: 0.30 chunks/second
Progress: 11.4 tokens/sec, est. 0.1s audio generated, 46 tokens, 1 chunks in 4.0s
Token processing rate: 7.3 tokens/second
Processing buffer with 28 tokens, total collected: 56
Progress: 11.2 tokens/sec, est. 0.4s audio generated, 68 tokens, 5 chunks in 6.1s
Audio generation rate: 0.77 chunks/second
Progress: 11.0 tokens/sec, est. 0.7s audio generated, 90 tokens, 8 chunks in 8.1s
Processing buffer with 28 tokens, total collected: 84
Progress: 11.0 tokens/sec, est. 0.9s audio generated, 112 tokens, 10 chunks in 10.2s
Audio generation rate: 1.01 chunks/second
Token processing rate: 8.9 tokens/second
Processing buffer with 28 tokens, total collected: 112
Progress: 10.9 tokens/sec, est. 1.2s audio generated, 133 tokens, 14 chunks in 12.2s
Audio generation rate: 1.08 chunks/second
Processing buffer with 28 tokens, total collected: 140
Progress: 10.8 tokens/sec, est. 1.4s audio generated, 154 tokens, 17 chunks in 14.3s
Progress: 10.7 tokens/sec, est. 1.6s audio generated, 175 tokens, 19 chunks in 16.3s
Audio generation rate: 1.17 chunks/second
Processing buffer with 28 tokens, total collected: 168
Token processing rate: 9.3 tokens/second
Progress: 10.7 tokens/sec, est. 2.0s audio generated, 196 tokens, 24 chunks in 18.4s
Processing buffer with 28 tokens, total collected: 196
Audio generation rate: 1.24 chunks/second
Progress: 10.6 tokens/sec, est. 2.2s audio generated, 217 tokens, 26 chunks in 20.5s
Progress: 10.5 tokens/sec, est. 2.4s audio generated, 238 tokens, 28 chunks in 22.6s
Token generation complete: 240 tokens in 23.18s (10.4 tokens/sec)
Processing buffer with 28 tokens, total collected: 224
Generated 30 audio segments
Generated 2.56 seconds of audio in 23.20 seconds
Realtime factor: 0.11x
Warning: Generation is slower than realtime
Total speech generation completed in 23.20 seconds
INFO:     127.0.0.1:63847 - "POST /v1/audio/speech HTTP/1.1" 200 OK
INFO:     127.0.0.1:56603 - "GET /health HTTP/1.1" 200 OK
Starting speech generation for 'Huh? Care to clarify what you're thinking about? I...'
Using voice: tara, GPU acceleration: Yes
INFO:     127.0.0.1:54107 - "GET /health HTTP/1.1" 200 OK
INFO:     127.0.0.1:60071 - "GET /health HTTP/1.1" 200 OK
INFO:     127.0.0.1:52959 - "GET /health HTTP/1.1" 200 OK
INFO:     127.0.0.1:53388 - "GET /health HTTP/1.1" 200 OK
INFO:     127.0.0.1:56982 - "GET /health HTTP/1.1" 200 OK
INFO:     127.0.0.1:56983 - "GET /health HTTP/1.1" 200 OK
INFO:     127.0.0.1:56990 - "GET /health HTTP/1.1" 200 OK
INFO:     127.0.0.1:54905 - "GET /health HTTP/1.1" 200 OK
INFO:     127.0.0.1:54906 - "GET /health HTTP/1.1" 200 OK
INFO:     127.0.0.1:54913 - "GET /health HTTP/1.1" 200 OK
INFO:     127.0.0.1:59883 - "GET /health HTTP/1.1" 200 OK
INFO:     127.0.0.1:59884 - "GET /health HTTP/1.1" 200 OK
INFO:     127.0.0.1:59890 - "GET /health HTTP/1.1" 200 OK
INFO:     127.0.0.1:65316 - "GET /health HTTP/1.1" 200 OK
INFO:     127.0.0.1:57626 - "GET /health HTTP/1.1" 200 OK
INFO:     127.0.0.1:57959 - "GET /health HTTP/1.1" 200 OK
INFO:     127.0.0.1:55116 - "GET /health HTTP/1.1" 200 OK
INFO:     127.0.0.1:61482 - "GET /health HTTP/1.1" 200 OK
INFO:     127.0.0.1:56501 - "GET /health HTTP/1.1" 200 OK
INFO:     127.0.0.1:62727 - "GET /health HTTP/1.1" 200 OK
INFO:     127.0.0.1:63221 - "GET /health HTTP/1.1" 200 OK
INFO:     127.0.0.1:58608 - "GET /health HTTP/1.1" 200 OK
INFO:     127.0.0.1:55991 - "GET /health HTTP/1.1" 200 OK
INFO:     127.0.0.1:50644 - "GET /health HTTP/1.1" 200 OK
INFO:     127.0.0.1:56685 - "GET /health HTTP/1.1" 200 OK
INFO:     127.0.0.1:59188 - "GET /health HTTP/1.1" 200 OK
INFO:     127.0.0.1:64384 - "GET /health HTTP/1.1" 200 OK
INFO:     127.0.0.1:57113 - "GET /health HTTP/1.1" 200 OK
INFO:     127.0.0.1:49493 - "GET /health HTTP/1.1" 200 OK
INFO:     127.0.0.1:60208 - "GET /health HTTP/1.1" 200 OK
