Starting Orpheus TTS bridge on http://127.0.0.1:5006 ...
Python: F:\network_management\Wi-Fi Sensing & CSI Data Extraction\Model_training\.venv-gtx1080\Scripts\python.exe
CUDA_VISIBLE_DEVICES: 0
LM Studio completions: http://127.0.0.1:1234/v1/completions
LM Studio TTS model: orpeus_text_to_speech
Synthesis concurrency: 2
Starting Orpheus-FASTAPI Server
INFO:     127.0.0.1:57593 - "GET /health HTTP/1.1" 200 OK
INFO:     127.0.0.1:57597 - "GET /runtime HTTP/1.1" 200 OK
Starting speech generation for 'Huh? I'm listening. What can I do for you, sir?'
Using voice: tara, GPU acceleration: No
Generating speech for: <|audio|>tara: Huh? I'm listening. What can I do for you, sir?<|eot_id|>
Token processing rate: 0.2 tokens/second
Progress: 11.3 tokens/sec, est. 0.0s audio generated, 23 tokens, 0 chunks in 2.0s
Processing buffer with 28 tokens, total collected: 28
PyTorch 2.0+ detected, torch.compile is available
Using device: cpu
Using standard PyTorch optimizations (torch.compile disabled)
INFO:     127.0.0.1:64389 - "GET /runtime HTTP/1.1" 200 OK
Progress: 6.7 tokens/sec, est. 0.1s audio generated, 32 tokens, 1 chunks in 4.8s
Audio generation rate: 0.11 chunks/second
Token processing rate: 4.7 tokens/second
Processing buffer with 28 tokens, total collected: 56
Progress: 9.7 tokens/sec, est. 0.4s audio generated, 66 tokens, 5 chunks in 6.8s
Audio generation rate: 0.48 chunks/second
Progress: 9.0 tokens/sec, est. 0.7s audio generated, 80 tokens, 8 chunks in 8.9s
Processing buffer with 28 tokens, total collected: 84
Progress: 9.4 tokens/sec, est. 0.9s audio generated, 103 tokens, 10 chunks in 10.9s
Token processing rate: 5.9 tokens/second
Audio generation rate: 0.69 chunks/second
Progress: 9.5 tokens/sec, est. 1.0s audio generated, 123 tokens, 12 chunks in 12.9s
Processing buffer with 28 tokens, total collected: 112
Progress: 9.5 tokens/sec, est. 1.2s audio generated, 142 tokens, 14 chunks in 15.0s
Audio generation rate: 0.77 chunks/second
Processing buffer with 28 tokens, total collected: 140
Token processing rate: 6.8 tokens/second
Progress: 9.4 tokens/sec, est. 1.6s audio generated, 160 tokens, 19 chunks in 17.1s
Audio generation rate: 0.89 chunks/second
Processing buffer with 28 tokens, total collected: 168
Progress: 9.7 tokens/sec, est. 1.8s audio generated, 185 tokens, 21 chunks in 19.1s
Progress: 9.7 tokens/sec, est. 2.0s audio generated, 205 tokens, 24 chunks in 21.2s
Processing buffer with 28 tokens, total collected: 196
Audio generation rate: 0.98 chunks/second
Token processing rate: 7.6 tokens/second
Progress: 9.6 tokens/sec, est. 2.4s audio generated, 224 tokens, 28 chunks in 23.2s
Processing buffer with 28 tokens, total collected: 224
Audio generation rate: 1.01 chunks/second
Progress: 9.8 tokens/sec, est. 2.6s audio generated, 248 tokens, 30 chunks in 25.3s
Processing buffer with 28 tokens, total collected: 252
Progress: 9.8 tokens/sec, est. 2.8s audio generated, 268 tokens, 33 chunks in 27.3s
Audio generation rate: 1.07 chunks/second
Token processing rate: 8.1 tokens/second
Progress: 9.8 tokens/sec, est. 3.1s audio generated, 288 tokens, 36 chunks in 29.4s
Processing buffer with 28 tokens, total collected: 280
Audio generation rate: 1.09 chunks/second
Progress: 9.9 tokens/sec, est. 3.4s audio generated, 311 tokens, 40 chunks in 31.5s
Processing buffer with 28 tokens, total collected: 308
Progress: 9.9 tokens/sec, est. 3.6s audio generated, 331 tokens, 42 chunks in 33.5s
Audio generation rate: 1.13 chunks/second
Progress: 9.8 tokens/sec, est. 3.7s audio generated, 350 tokens, 44 chunks in 35.6s
Token processing rate: 8.4 tokens/second
Processing buffer with 28 tokens, total collected: 336
Progress: 9.9 tokens/sec, est. 3.9s audio generated, 373 tokens, 46 chunks in 37.7s
Token generation complete: 384 tokens in 42.39s (9.1 tokens/sec)
Generated 46 audio segments
Generated 3.93 seconds of audio in 42.40 seconds
Realtime factor: 0.09x
INFO:     127.0.0.1:50813 - "GET /health HTTP/1.1" 200 OK
INFO:     127.0.0.1:50834 - "GET /runtime HTTP/1.1" 200 OK
Starting speech generation for 'JARVIS speech check complete.'
Using voice: tara, GPU acceleration: No
Generating speech for: <|audio|>tara: JARVIS speech check complete.<|eot_id|>
Progress: 11.9 tokens/sec, est. 0.0s audio generated, 24 tokens, 0 chunks in 2.0s
Processing buffer with 28 tokens, total collected: 28
Audio generation rate: 0.31 chunks/second
Progress: 11.9 tokens/sec, est. 0.1s audio generated, 48 tokens, 1 chunks in 4.0s
Token processing rate: 7.9 tokens/second
Processing buffer with 28 tokens, total collected: 56
Progress: 11.7 tokens/sec, est. 0.4s audio generated, 72 tokens, 5 chunks in 6.1s
Audio generation rate: 0.82 chunks/second
Progress: 11.7 tokens/sec, est. 0.7s audio generated, 96 tokens, 8 chunks in 8.2s
Processing buffer with 28 tokens, total collected: 84
Progress: 11.7 tokens/sec, est. 1.0s audio generated, 119 tokens, 12 chunks in 10.2s
Token processing rate: 9.7 tokens/second
Processing buffer with 28 tokens, total collected: 112
Audio generation rate: 1.13 chunks/second
Progress: 11.6 tokens/sec, est. 1.2s audio generated, 142 tokens, 14 chunks in 12.2s
Processing buffer with 28 tokens, total collected: 140
Audio generation rate: 1.31 chunks/second
Progress: 11.5 tokens/sec, est. 1.6s audio generated, 164 tokens, 19 chunks in 14.3s
Processing buffer with 28 tokens, total collected: 168
Progress: 11.5 tokens/sec, est. 1.8s audio generated, 187 tokens, 21 chunks in 16.3s
Token processing rate: 10.1 tokens/second
Audio generation rate: 1.37 chunks/second
Progress: 11.2 tokens/sec, est. 2.0s audio generated, 205 tokens, 24 chunks in 18.3s
Processing buffer with 28 tokens, total collected: 196
Token generation complete: 219 tokens in 19.46s (11.3 tokens/sec)
Generated 25 audio segments
Generated 2.13 seconds of audio in 19.46 seconds
Realtime factor: 0.11x
INFO:     127.0.0.1:50841 - "POST /v1/audio/speech HTTP/1.1" 500 Internal Server Error
